Archive member included to satisfy reference by file (symbol)

/opt/stm32cubeide/plugins/com.st.stm32cube.ide.mcu.externaltools.gnu-tools-for-stm32.9-2020-q2-update.linux64_2.0.0.202105311346/tools/bin/../lib/gcc/arm-none-eabi/9.3.1/../../../../arm-none-eabi/lib/thumb/v7e-m+fp/hard/libc_nano.a(lib_a-errno.o)
                              ./Core/Src/syscalls.o (__errno)
/opt/stm32cubeide/plugins/com.st.stm32cube.ide.mcu.externaltools.gnu-tools-for-stm32.9-2020-q2-update.linux64_2.0.0.202105311346/tools/bin/../lib/gcc/arm-none-eabi/9.3.1/../../../../arm-none-eabi/lib/thumb/v7e-m+fp/hard/libc_nano.a(lib_a-exit.o)
                              /opt/stm32cubeide/plugins/com.st.stm32cube.ide.mcu.externaltools.gnu-tools-for-stm32.9-2020-q2-update.linux64_2.0.0.202105311346/tools/bin/../lib/gcc/arm-none-eabi/9.3.1/../../../../arm-none-eabi/lib/thumb/v7e-m+fp/hard/crt0.o (exit)
/opt/stm32cubeide/plugins/com.st.stm32cube.ide.mcu.externaltools.gnu-tools-for-stm32.9-2020-q2-update.linux64_2.0.0.202105311346/tools/bin/../lib/gcc/arm-none-eabi/9.3.1/../../../../arm-none-eabi/lib/thumb/v7e-m+fp/hard/libc_nano.a(lib_a-impure.o)
                              /opt/stm32cubeide/plugins/com.st.stm32cube.ide.mcu.externaltools.gnu-tools-for-stm32.9-2020-q2-update.linux64_2.0.0.202105311346/tools/bin/../lib/gcc/arm-none-eabi/9.3.1/../../../../arm-none-eabi/lib/thumb/v7e-m+fp/hard/libc_nano.a(lib_a-exit.o) (_global_impure_ptr)
/opt/stm32cubeide/plugins/com.st.stm32cube.ide.mcu.externaltools.gnu-tools-for-stm32.9-2020-q2-update.linux64_2.0.0.202105311346/tools/bin/../lib/gcc/arm-none-eabi/9.3.1/../../../../arm-none-eabi/lib/thumb/v7e-m+fp/hard/libc_nano.a(lib_a-init.o)
                              /opt/stm32cubeide/plugins/com.st.stm32cube.ide.mcu.externaltools.gnu-tools-for-stm32.9-2020-q2-update.linux64_2.0.0.202105311346/tools/bin/../lib/gcc/arm-none-eabi/9.3.1/../../../../arm-none-eabi/lib/thumb/v7e-m+fp/hard/crt0.o (__libc_init_array)
/opt/stm32cubeide/plugins/com.st.stm32cube.ide.mcu.externaltools.gnu-tools-for-stm32.9-2020-q2-update.linux64_2.0.0.202105311346/tools/bin/../lib/gcc/arm-none-eabi/9.3.1/../../../../arm-none-eabi/lib/thumb/v7e-m+fp/hard/libc_nano.a(lib_a-memcpy-stub.o)
                              ./Core/Src/ssl482.o (memcpy)
/opt/stm32cubeide/plugins/com.st.stm32cube.ide.mcu.externaltools.gnu-tools-for-stm32.9-2020-q2-update.linux64_2.0.0.202105311346/tools/bin/../lib/gcc/arm-none-eabi/9.3.1/../../../../arm-none-eabi/lib/thumb/v7e-m+fp/hard/libc_nano.a(lib_a-memset.o)
                              /opt/stm32cubeide/plugins/com.st.stm32cube.ide.mcu.externaltools.gnu-tools-for-stm32.9-2020-q2-update.linux64_2.0.0.202105311346/tools/bin/../lib/gcc/arm-none-eabi/9.3.1/../../../../arm-none-eabi/lib/thumb/v7e-m+fp/hard/crt0.o (memset)
/opt/stm32cubeide/plugins/com.st.stm32cube.ide.mcu.externaltools.gnu-tools-for-stm32.9-2020-q2-update.linux64_2.0.0.202105311346/tools/bin/../lib/gcc/arm-none-eabi/9.3.1/../../../../arm-none-eabi/lib/thumb/v7e-m+fp/hard/libm.a(lib_a-sf_fmax.o)
                              ./Core/Src/ssl482.o (fmaxf)
/opt/stm32cubeide/plugins/com.st.stm32cube.ide.mcu.externaltools.gnu-tools-for-stm32.9-2020-q2-update.linux64_2.0.0.202105311346/tools/bin/../lib/gcc/arm-none-eabi/9.3.1/../../../../arm-none-eabi/lib/thumb/v7e-m+fp/hard/libm.a(lib_a-sf_fmin.o)
                              ./Core/Src/ssl482.o (fminf)
/opt/stm32cubeide/plugins/com.st.stm32cube.ide.mcu.externaltools.gnu-tools-for-stm32.9-2020-q2-update.linux64_2.0.0.202105311346/tools/bin/../lib/gcc/arm-none-eabi/9.3.1/../../../../arm-none-eabi/lib/thumb/v7e-m+fp/hard/libm.a(lib_a-sf_fpclassify.o)
                              /opt/stm32cubeide/plugins/com.st.stm32cube.ide.mcu.externaltools.gnu-tools-for-stm32.9-2020-q2-update.linux64_2.0.0.202105311346/tools/bin/../lib/gcc/arm-none-eabi/9.3.1/../../../../arm-none-eabi/lib/thumb/v7e-m+fp/hard/libm.a(lib_a-sf_fmax.o) (__fpclassifyf)

Allocating common symbols
Common symbol       size              file

hdma_usart2_rx      0x44              ./Core/Src/main.o
hadc2               0x50              ./Core/Src/main.o
uwTick              0x4               ./Drivers/STM32F3xx_HAL_Driver/Src/stm32f3xx_hal.o
pFlash              0x20              ./Drivers/STM32F3xx_HAL_Driver/Src/stm32f3xx_hal_flash.o
htim3               0x4c              ./Core/Src/main.o
ssl                 0x40              ./Core/Src/main.o
htim2               0x4c              ./Core/Src/main.o
huart2              0x84              ./Core/Src/main.o

Discarded input sections

 .text          0x0000000000000000        0x0 /opt/stm32cubeide/plugins/com.st.stm32cube.ide.mcu.externaltools.gnu-tools-for-stm32.9-2020-q2-update.linux64_2.0.0.202105311346/tools/bin/../lib/gcc/arm-none-eabi/9.3.1/thumb/v7e-m+fp/hard/crti.o
[...]
Memory Configuration

Name             Origin             Length             Attributes
CCMRAM           0x0000000010000000 0x0000000000001000 xrw
RAM              0x0000000020000000 0x0000000000003000 xrw
FLASH            0x0000000008000000 0x0000000000010000 xr
*default*        0x0000000000000000 0xffffffffffffffff

Linker script and memory map

LOAD /opt/stm32cubeide/plugins/com.st.stm32cube.ide.mcu.externaltools.gnu-tools-for-stm32.9-2020-q2-update.linux64_2.0.0.202105311346/tools/bin/../lib/gcc/arm-none-eabi/9.3.1/thumb/v7e-m+fp/hard/crti.o
LOAD /opt/stm32cubeide/plugins/com.st.stm32cube.ide.mcu.externaltools.gnu-tools-for-stm32.9-2020-q2-update.linux64_2.0.0.202105311346/tools/bin/../lib/gcc/arm-none-eabi/9.3.1/thumb/v7e-m+fp/hard/crtbegin.o
LOAD /opt/stm32cubeide/plugins/com.st.stm32cube.ide.mcu.externaltools.gnu-tools-for-stm32.9-2020-q2-update.linux64_2.0.0.202105311346/tools/bin/../lib/gcc/arm-none-eabi/9.3.1/../../../../arm-none-eabi/lib/thumb/v7e-m+fp/hard/crt0.o
LOAD ./Core/Src/bizon.o
LOAD ./Core/Src/bizon_pin.o
LOAD ./Core/Src/main.o
LOAD ./Core/Src/motor_pololu.o
LOAD ./Core/Src/ssl482.o
LOAD ./Core/Src/stm32f3xx_hal_msp.o
LOAD ./Core/Src/stm32f3xx_it.o
LOAD ./Core/Src/syscalls.o
LOAD ./Core/Src/sysmem.o
LOAD ./Core/Src/system_stm32f3xx.o
LOAD ./Core/Startup/startup_stm32f334k8tx.o
LOAD ./Drivers/STM32F3xx_HAL_Driver/Src/stm32f3xx_hal.o
LOAD ./Drivers/STM32F3xx_HAL_Driver/Src/stm32f3xx_hal_adc.o
LOAD ./Drivers/STM32F3xx_HAL_Driver/Src/stm32f3xx_hal_adc_ex.o
LOAD ./Drivers/STM32F3xx_HAL_Driver/Src/stm32f3xx_hal_cortex.o
LOAD ./Drivers/STM32F3xx_HAL_Driver/Src/stm32f3xx_hal_dma.o
LOAD ./Drivers/STM32F3xx_HAL_Driver/Src/stm32f3xx_hal_exti.o
LOAD ./Drivers/STM32F3xx_HAL_Driver/Src/stm32f3xx_hal_flash.o
LOAD ./Drivers/STM32F3xx_HAL_Driver/Src/stm32f3xx_hal_flash_ex.o
LOAD ./Drivers/STM32F3xx_HAL_Driver/Src/stm32f3xx_hal_gpio.o
LOAD ./Drivers/STM32F3xx_HAL_Driver/Src/stm32f3xx_hal_i2c.o
LOAD ./Drivers/STM32F3xx_HAL_Driver/Src/stm32f3xx_hal_i2c_ex.o
LOAD ./Drivers/STM32F3xx_HAL_Driver/Src/stm32f3xx_hal_pwr.o
LOAD ./Drivers/STM32F3xx_HAL_Driver/Src/stm32f3xx_hal_pwr_ex.o
LOAD ./Drivers/STM32F3xx_HAL_Driver/Src/stm32f3xx_hal_rcc.o
LOAD ./Drivers/STM32F3xx_HAL_Driver/Src/stm32f3xx_hal_rcc_ex.o
LOAD ./Drivers/STM32F3xx_HAL_Driver/Src/stm32f3xx_hal_tim.o
LOAD ./Drivers/STM32F3xx_HAL_Driver/Src/stm32f3xx_hal_tim_ex.o
LOAD ./Drivers/STM32F3xx_HAL_Driver/Src/stm32f3xx_hal_uart.o
LOAD ./Drivers/STM32F3xx_HAL_Driver/Src/stm32f3xx_hal_uart_ex.o
START GROUP
LOAD /opt/stm32cubeide/plugins/com.st.stm32cube.ide.mcu.externaltools.gnu-tools-for-stm32.9-2020-q2-update.linux64_2.0.0.202105311346/tools/bin/../lib/gcc/arm-none-eabi/9.3.1/../../../../arm-none-eabi/lib/thumb/v7e-m+fp/hard/libc_nano.a
LOAD /opt/stm32cubeide/plugins/com.st.stm32cube.ide.mcu.externaltools.gnu-tools-for-stm32.9-2020-q2-update.linux64_2.0.0.202105311346/tools/bin/../lib/gcc/arm-none-eabi/9.3.1/../../../../arm-none-eabi/lib/thumb/v7e-m+fp/hard/libm.a
END GROUP
START GROUP
LOAD /opt/stm32cubeide/plugins/com.st.stm32cube.ide.mcu.externaltools.gnu-tools-for-stm32.9-2020-q2-update.linux64_2.0.0.202105311346/tools/bin/../lib/gcc/arm-none-eabi/9.3.1/thumb/v7e-m+fp/hard/libgcc.a
LOAD /opt/stm32cubeide/plugins/com.st.stm32cube.ide.mcu.externaltools.gnu-tools-for-stm32.9-2020-q2-update.linux64_2.0.0.202105311346/tools/bin/../lib/gcc/arm-none-eabi/9.3.1/../../../../arm-none-eabi/lib/thumb/v7e-m+fp/hard/libc_nano.a
END GROUP
START GROUP
LOAD /opt/stm32cubeide/plugins/com.st.stm32cube.ide.mcu.externaltools.gnu-tools-for-stm32.9-2020-q2-update.linux64_2.0.0.202105311346/tools/bin/../lib/gcc/arm-none-eabi/9.3.1/thumb/v7e-m+fp/hard/libgcc.a
LOAD /opt/stm32cubeide/plugins/com.st.stm32cube.ide.mcu.externaltools.gnu-tools-for-stm32.9-2020-q2-update.linux64_2.0.0.202105311346/tools/bin/../lib/gcc/arm-none-eabi/9.3.1/../../../../arm-none-eabi/lib/thumb/v7e-m+fp/hard/libc_nano.a
END GROUP
LOAD /opt/stm32cubeide/plugins/com.st.stm32cube.ide.mcu.externaltools.gnu-tools-for-stm32.9-2020-q2-update.linux64_2.0.0.202105311346/tools/bin/../lib/gcc/arm-none-eabi/9.3.1/thumb/v7e-m+fp/hard/crtend.o
LOAD /opt/stm32cubeide/plugins/com.st.stm32cube.ide.mcu.externaltools.gnu-tools-for-stm32.9-2020-q2-update.linux64_2.0.0.202105311346/tools/bin/../lib/gcc/arm-none-eabi/9.3.1/thumb/v7e-m+fp/hard/crtn.o
                0x0000000020003000                _estack = (ORIGIN (RAM) + LENGTH (RAM))
                0x0000000000000200                _Min_Heap_Size = 0x200
                0x0000000000000400                _Min_Stack_Size = 0x400

.isr_vector     0x0000000008000000      0x188
                0x0000000008000000                . = ALIGN (0x4)
 *(.isr_vector)
 .isr_vector    0x0000000008000000      0x188 ./Core/Startup/startup_stm32f334k8tx.o
                0x0000000008000000                g_pfnVectors
                0x0000000008000188                . = ALIGN (0x4)

.text           0x0000000008000188     0x5d20
                0x0000000008000188                . = ALIGN (0x4)
 *(.text)
 .text          0x0000000008000188       0x40 /opt/stm32cubeide/plugins/com.st.stm32cube.ide.mcu.externaltools.gnu-tools-for-stm32.9-2020-q2-update.linux64_2.0.0.202105311346/tools/bin/../lib/gcc/arm-none-eabi/9.3.1/thumb/v7e-m+fp/hard/crtbegin.o
 *(.text*)
 .text.bizon_init
                0x00000000080001c8       0x9c ./Core/Src/bizon.o
                0x00000000080001c8                bizon_init
 .text.bizon_drive
                0x0000000008000264       0x68 ./Core/Src/bizon.o
                0x0000000008000264                bizon_drive
 .text.bizon_set_max_speed
                0x00000000080002cc       0x1e ./Core/Src/bizon.o
                0x00000000080002cc                bizon_set_max_speed
 *fill*         0x00000000080002ea        0x2 
 .text.bizon_set_esc_speed
                0x00000000080002ec       0x40 ./Core/Src/bizon.o
                0x00000000080002ec                bizon_set_esc_speed
 .text.bizon_pin_init
                0x000000000800032c       0x24 ./Core/Src/bizon_pin.o
                0x000000000800032c                bizon_pin_init
 .text.bizon_pin_set_high
                0x0000000008000350       0x22 ./Core/Src/bizon_pin.o
                0x0000000008000350                bizon_pin_set_high
 .text.bizon_pin_set_low
                0x0000000008000372       0x22 ./Core/Src/bizon_pin.o
                0x0000000008000372                bizon_pin_set_low
 .text.bizon_pin_toggle
                0x0000000008000394       0x22 ./Core/Src/bizon_pin.o
                0x0000000008000394                bizon_pin_toggle
 *fill*         0x00000000080003b6        0x2 
 .text.main     0x00000000080003b8      0x174 ./Core/Src/main.o
                0x00000000080003b8                main
 .text.SystemClock_Config
                0x000000000800052c       0xb4 ./Core/Src/main.o
                0x000000000800052c                SystemClock_Config
 .text.MX_ADC2_Init
                0x00000000080005e0       0xbc ./Core/Src/main.o
 .text.MX_TIM2_Init
                0x000000000800069c       0xb4 ./Core/Src/main.o
 .text.MX_TIM3_Init
                0x0000000008000750      0x104 ./Core/Src/main.o
 .text.MX_USART2_UART_Init
                0x0000000008000854       0x70 ./Core/Src/main.o
 .text.MX_DMA_Init
                0x00000000080008c4       0x3c ./Core/Src/main.o
 .text.MX_GPIO_Init
                0x0000000008000900       0xfc ./Core/Src/main.o
 .text.HAL_UART_RxCpltCallback
                0x00000000080009fc       0x28 ./Core/Src/main.o
                0x00000000080009fc                HAL_UART_RxCpltCallback
 .text.Error_Handler
                0x0000000008000a24        0xa ./Core/Src/main.o
                0x0000000008000a24                Error_Handler
 .text.motor_pololu_init
                0x0000000008000a2e       0x2c ./Core/Src/motor_pololu.o
                0x0000000008000a2e                motor_pololu_init
 *fill*         0x0000000008000a5a        0x2 
 .text.motor_pololu_set_speed
                0x0000000008000a5c       0x60 ./Core/Src/motor_pololu.o
                0x0000000008000a5c                motor_pololu_set_speed
 .text.motor_pololu_go_forward
                0x0000000008000abc       0x24 ./Core/Src/motor_pololu.o
                0x0000000008000abc                motor_pololu_go_forward
 .text.motor_pololu_go_backward
                0x0000000008000ae0       0x24 ./Core/Src/motor_pololu.o
                0x0000000008000ae0                motor_pololu_go_backward
 .text.SSL482_Init
                0x0000000008000b04       0x52 ./Core/Src/ssl482.o
                0x0000000008000b04                SSL482_Init
 .text.SSL482_OnRecive
                0x0000000008000b56      0x140 ./Core/Src/ssl482.o
                0x0000000008000b56                SSL482_OnRecive
 .text.SSL482_GetStatus
                0x0000000008000c96       0x64 ./Core/Src/ssl482.o
                0x0000000008000c96                SSL482_GetStatus
 *fill*         0x0000000008000cfa        0x2 
 .text.__SSL482_GetProcessedThrottle
                0x0000000008000cfc       0xd4 ./Core/Src/ssl482.o
 .text.__SSL482_GetProcessedSteering
                0x0000000008000dd0       0xd4 ./Core/Src/ssl482.o
 .text.__SSL482_GetProcessedAUX1
                0x0000000008000ea4       0x2e ./Core/Src/ssl482.o
 .text.__SSL482_GetProcessedAUX2
                0x0000000008000ed2       0x3c ./Core/Src/ssl482.o
 .text.__SSL482_GetFrameCheckum
                0x0000000008000f0e       0x4a ./Core/Src/ssl482.o
 .text.HAL_MspInit
                0x0000000008000f58       0x48 ./Core/Src/stm32f3xx_hal_msp.o
                0x0000000008000f58                HAL_MspInit
 .text.HAL_ADC_MspInit
                0x0000000008000fa0       0x7c ./Core/Src/stm32f3xx_hal_msp.o
                0x0000000008000fa0                HAL_ADC_MspInit
 .text.HAL_TIM_PWM_MspInit
                0x000000000800101c       0x3c ./Core/Src/stm32f3xx_hal_msp.o
                0x000000000800101c                HAL_TIM_PWM_MspInit
 .text.HAL_TIM_Base_MspInit
                0x0000000008001058       0x40 ./Core/Src/stm32f3xx_hal_msp.o
                0x0000000008001058                HAL_TIM_Base_MspInit
 .text.HAL_TIM_MspPostInit
                0x0000000008001098       0xb4 ./Core/Src/stm32f3xx_hal_msp.o
                0x0000000008001098                HAL_TIM_MspPostInit
 .text.HAL_UART_MspInit
                0x000000000800114c       0xe8 ./Core/Src/stm32f3xx_hal_msp.o
                0x000000000800114c                HAL_UART_MspInit
 .text.NMI_Handler
                0x0000000008001234        0x6 ./Core/Src/stm32f3xx_it.o
                0x0000000008001234                NMI_Handler
 .text.HardFault_Handler
                0x000000000800123a        0x6 ./Core/Src/stm32f3xx_it.o
                0x000000000800123a                HardFault_Handler
 .text.MemManage_Handler
                0x0000000008001240        0x6 ./Core/Src/stm32f3xx_it.o
                0x0000000008001240                MemManage_Handler
 .text.BusFault_Handler
                0x0000000008001246        0x6 ./Core/Src/stm32f3xx_it.o
                0x0000000008001246                BusFault_Handler
 .text.UsageFault_Handler
                0x000000000800124c        0x6 ./Core/Src/stm32f3xx_it.o
                0x000000000800124c                UsageFault_Handler
 .text.SVC_Handler
                0x0000000008001252        0xe ./Core/Src/stm32f3xx_it.o
                0x0000000008001252                SVC_Handler
 .text.DebugMon_Handler
                0x0000000008001260        0xe ./Core/Src/stm32f3xx_it.o
                0x0000000008001260                DebugMon_Handler
 .text.PendSV_Handler
                0x000000000800126e        0xe ./Core/Src/stm32f3xx_it.o
                0x000000000800126e                PendSV_Handler
 .text.SysTick_Handler
                0x000000000800127c        0xc ./Core/Src/stm32f3xx_it.o
                0x000000000800127c                SysTick_Handler
 .text.DMA1_Channel6_IRQHandler
                0x0000000008001288       0x14 ./Core/Src/stm32f3xx_it.o
                0x0000000008001288                DMA1_Channel6_IRQHandler
 .text.USART2_IRQHandler
                0x000000000800129c       0x14 ./Core/Src/stm32f3xx_it.o
                0x000000000800129c                USART2_IRQHandler
 .text.SystemInit
                0x00000000080012b0       0x24 ./Core/Src/system_stm32f3xx.o
                0x00000000080012b0                SystemInit
 .text.Reset_Handler
                0x00000000080012d4       0x50 ./Core/Startup/startup_stm32f334k8tx.o
                0x00000000080012d4                Reset_Handler
 .text.Default_Handler
                0x0000000008001324        0x2 ./Core/Startup/startup_stm32f334k8tx.o
                0x0000000008001324                RTC_Alarm_IRQHandler
                0x0000000008001324                HRTIM1_Master_IRQHandler
                0x0000000008001324                TIM1_CC_IRQHandler
                0x0000000008001324                HRTIM1_FLT_IRQHandler
                0x0000000008001324                PVD_IRQHandler
                0x0000000008001324                HRTIM1_TIMD_IRQHandler
                0x0000000008001324                TAMP_STAMP_IRQHandler
                0x0000000008001324                EXTI3_IRQHandler
                0x0000000008001324                EXTI0_IRQHandler
                0x0000000008001324                FPU_IRQHandler
                0x0000000008001324                CAN_TX_IRQHandler
                0x0000000008001324                TIM1_UP_TIM16_IRQHandler
                0x0000000008001324                ADC1_2_IRQHandler
                0x0000000008001324                HRTIM1_TIME_IRQHandler
                0x0000000008001324                SPI1_IRQHandler
                0x0000000008001324                CAN_SCE_IRQHandler
                0x0000000008001324                HRTIM1_TIMC_IRQHandler
                0x0000000008001324                DMA1_Channel4_IRQHandler
                0x0000000008001324                USART3_IRQHandler
                0x0000000008001324                DMA1_Channel7_IRQHandler
                0x0000000008001324                TIM7_DAC2_IRQHandler
                0x0000000008001324                CAN_RX1_IRQHandler
                0x0000000008001324                I2C1_EV_IRQHandler
                0x0000000008001324                TIM3_IRQHandler
                0x0000000008001324                RCC_IRQHandler
                0x0000000008001324                DMA1_Channel1_IRQHandler
                0x0000000008001324                Default_Handler
                0x0000000008001324                EXTI15_10_IRQHandler
                0x0000000008001324                COMP2_IRQHandler
                0x0000000008001324                HRTIM1_TIMA_IRQHandler
                0x0000000008001324                TIM6_DAC1_IRQHandler
                0x0000000008001324                EXTI9_5_IRQHandler
                0x0000000008001324                RTC_WKUP_IRQHandler
                0x0000000008001324                DMA1_Channel5_IRQHandler
                0x0000000008001324                EXTI4_IRQHandler
                0x0000000008001324                HRTIM1_TIMB_IRQHandler
                0x0000000008001324                TIM1_TRG_COM_TIM17_IRQHandler
                0x0000000008001324                DMA1_Channel3_IRQHandler
                0x0000000008001324                WWDG_IRQHandler
                0x0000000008001324                TIM2_IRQHandler
                0x0000000008001324                EXTI1_IRQHandler
                0x0000000008001324                COMP4_6_IRQHandler
                0x0000000008001324                DMA1_Channel2_IRQHandler
                0x0000000008001324                FLASH_IRQHandler
                0x0000000008001324                USART1_IRQHandler
                0x0000000008001324                CAN_RX0_IRQHandler
                0x0000000008001324                I2C1_ER_IRQHandler
                0x0000000008001324                EXTI2_TSC_IRQHandler
                0x0000000008001324                TIM1_BRK_TIM15_IRQHandler
 *fill*         0x0000000008001326        0x2 
 .text.HAL_Init
                0x0000000008001328       0x2c ./Drivers/STM32F3xx_HAL_Driver/Src/stm32f3xx_hal.o
                0x0000000008001328                HAL_Init
 .text.HAL_InitTick
                0x0000000008001354       0x60 ./Drivers/STM32F3xx_HAL_Driver/Src/stm32f3xx_hal.o
                0x0000000008001354                HAL_InitTick
 .text.HAL_IncTick
                0x00000000080013b4       0x28 ./Drivers/STM32F3xx_HAL_Driver/Src/stm32f3xx_hal.o
                0x00000000080013b4                HAL_IncTick
 .text.HAL_GetTick
                0x00000000080013dc       0x18 ./Drivers/STM32F3xx_HAL_Driver/Src/stm32f3xx_hal.o
                0x00000000080013dc                HAL_GetTick
 .text.HAL_Delay
                0x00000000080013f4       0x48 ./Drivers/STM32F3xx_HAL_Driver/Src/stm32f3xx_hal.o
                0x00000000080013f4                HAL_Delay
 .text.HAL_ADC_Init
                0x000000000800143c      0x324 ./Drivers/STM32F3xx_HAL_Driver/Src/stm32f3xx_hal_adc_ex.o
                0x000000000800143c                HAL_ADC_Init
 .text.HAL_ADC_ConfigChannel
                0x0000000008001760      0x584 ./Drivers/STM32F3xx_HAL_Driver/Src/stm32f3xx_hal_adc_ex.o
                0x0000000008001760                HAL_ADC_ConfigChannel
 .text.ADC_Disable
                0x0000000008001ce4       0xcc ./Drivers/STM32F3xx_HAL_Driver/Src/stm32f3xx_hal_adc_ex.o
 .text.__NVIC_SetPriorityGrouping
                0x0000000008001db0       0x48 ./Drivers/STM32F3xx_HAL_Driver/Src/stm32f3xx_hal_cortex.o
 .text.__NVIC_GetPriorityGrouping
                0x0000000008001df8       0x1c ./Drivers/STM32F3xx_HAL_Driver/Src/stm32f3xx_hal_cortex.o
 .text.__NVIC_EnableIRQ
                0x0000000008001e14       0x3c ./Drivers/STM32F3xx_HAL_Driver/Src/stm32f3xx_hal_cortex.o
 .text.__NVIC_SetPriority
                0x0000000008001e50       0x54 ./Drivers/STM32F3xx_HAL_Driver/Src/stm32f3xx_hal_cortex.o
 .text.NVIC_EncodePriority
                0x0000000008001ea4       0x66 ./Drivers/STM32F3xx_HAL_Driver/Src/stm32f3xx_hal_cortex.o
 *fill*         0x0000000008001f0a        0x2 
 .text.SysTick_Config
                0x0000000008001f0c       0x44 ./Drivers/STM32F3xx_HAL_Driver/Src/stm32f3xx_hal_cortex.o
 .text.HAL_NVIC_SetPriorityGrouping
                0x0000000008001f50       0x16 ./Drivers/STM32F3xx_HAL_Driver/Src/stm32f3xx_hal_cortex.o
                0x0000000008001f50                HAL_NVIC_SetPriorityGrouping
 .text.HAL_NVIC_SetPriority
                0x0000000008001f66       0x38 ./Drivers/STM32F3xx_HAL_Driver/Src/stm32f3xx_hal_cortex.o
                0x0000000008001f66                HAL_NVIC_SetPriority
 .text.HAL_NVIC_EnableIRQ
                0x0000000008001f9e       0x1c ./Drivers/STM32F3xx_HAL_Driver/Src/stm32f3xx_hal_cortex.o
                0x0000000008001f9e                HAL_NVIC_EnableIRQ
 .text.HAL_SYSTICK_Config
                0x0000000008001fba       0x18 ./Drivers/STM32F3xx_HAL_Driver/Src/stm32f3xx_hal_cortex.o
                0x0000000008001fba                HAL_SYSTICK_Config
 .text.HAL_DMA_Init
                0x0000000008001fd2       0x8e ./Drivers/STM32F3xx_HAL_Driver/Src/stm32f3xx_hal_dma.o
                0x0000000008001fd2                HAL_DMA_Init
 .text.HAL_DMA_Start_IT
                0x0000000008002060       0xbe ./Drivers/STM32F3xx_HAL_Driver/Src/stm32f3xx_hal_dma.o
                0x0000000008002060                HAL_DMA_Start_IT
 .text.HAL_DMA_Abort
                0x000000000800211e       0x72 ./Drivers/STM32F3xx_HAL_Driver/Src/stm32f3xx_hal_dma.o
                0x000000000800211e                HAL_DMA_Abort
 .text.HAL_DMA_Abort_IT
                0x0000000008002190       0x7c ./Drivers/STM32F3xx_HAL_Driver/Src/stm32f3xx_hal_dma.o
                0x0000000008002190                HAL_DMA_Abort_IT
 .text.HAL_DMA_IRQHandler
                0x000000000800220c      0x146 ./Drivers/STM32F3xx_HAL_Driver/Src/stm32f3xx_hal_dma.o
                0x000000000800220c                HAL_DMA_IRQHandler
 .text.DMA_SetConfig
                0x0000000008002352       0x5c ./Drivers/STM32F3xx_HAL_Driver/Src/stm32f3xx_hal_dma.o
 *fill*         0x00000000080023ae        0x2 
 .text.DMA_CalcBaseAndBitshift
                0x00000000080023b0       0x40 ./Drivers/STM32F3xx_HAL_Driver/Src/stm32f3xx_hal_dma.o
 .text.HAL_GPIO_Init
                0x00000000080023f0      0x2e4 ./Drivers/STM32F3xx_HAL_Driver/Src/stm32f3xx_hal_gpio.o
                0x00000000080023f0                HAL_GPIO_Init
 .text.HAL_GPIO_WritePin
                0x00000000080026d4       0x30 ./Drivers/STM32F3xx_HAL_Driver/Src/stm32f3xx_hal_gpio.o
                0x00000000080026d4                HAL_GPIO_WritePin
 .text.HAL_GPIO_TogglePin
                0x0000000008002704       0x34 ./Drivers/STM32F3xx_HAL_Driver/Src/stm32f3xx_hal_gpio.o
                0x0000000008002704                HAL_GPIO_TogglePin
 .text.HAL_RCC_OscConfig
                0x0000000008002738      0xe10 ./Drivers/STM32F3xx_HAL_Driver/Src/stm32f3xx_hal_rcc.o
                0x0000000008002738                HAL_RCC_OscConfig
 .text.HAL_RCC_ClockConfig
                0x0000000008003548      0x2f8 ./Drivers/STM32F3xx_HAL_Driver/Src/stm32f3xx_hal_rcc.o
                0x0000000008003548                HAL_RCC_ClockConfig
 .text.HAL_RCC_GetSysClockFreq
                0x0000000008003840       0xd4 ./Drivers/STM32F3xx_HAL_Driver/Src/stm32f3xx_hal_rcc.o
                0x0000000008003840                HAL_RCC_GetSysClockFreq
 .text.HAL_RCC_GetHCLKFreq
                0x0000000008003914       0x18 ./Drivers/STM32F3xx_HAL_Driver/Src/stm32f3xx_hal_rcc.o
                0x0000000008003914                HAL_RCC_GetHCLKFreq
 .text.HAL_RCC_GetPCLK1Freq
                0x000000000800392c       0x44 ./Drivers/STM32F3xx_HAL_Driver/Src/stm32f3xx_hal_rcc.o
                0x000000000800392c                HAL_RCC_GetPCLK1Freq
 .text.HAL_RCC_GetPCLK2Freq
                0x0000000008003970       0x44 ./Drivers/STM32F3xx_HAL_Driver/Src/stm32f3xx_hal_rcc.o
                0x0000000008003970                HAL_RCC_GetPCLK2Freq
 .text.HAL_RCCEx_PeriphCLKConfig
                0x00000000080039b4      0x26c ./Drivers/STM32F3xx_HAL_Driver/Src/stm32f3xx_hal_rcc_ex.o
                0x00000000080039b4                HAL_RCCEx_PeriphCLKConfig
 .text.HAL_TIM_Base_Init
                0x0000000008003c20       0xae ./Drivers/STM32F3xx_HAL_Driver/Src/stm32f3xx_hal_tim.o
                0x0000000008003c20                HAL_TIM_Base_Init
 .text.HAL_TIM_PWM_Init
                0x0000000008003cce       0xae ./Drivers/STM32F3xx_HAL_Driver/Src/stm32f3xx_hal_tim.o
                0x0000000008003cce                HAL_TIM_PWM_Init
 .text.HAL_TIM_PWM_Start
                0x0000000008003d7c      0x1d8 ./Drivers/STM32F3xx_HAL_Driver/Src/stm32f3xx_hal_tim.o
                0x0000000008003d7c                HAL_TIM_PWM_Start
 .text.HAL_TIM_PWM_ConfigChannel
                0x0000000008003f54      0x228 ./Drivers/STM32F3xx_HAL_Driver/Src/stm32f3xx_hal_tim.o
                0x0000000008003f54                HAL_TIM_PWM_ConfigChannel
 .text.HAL_TIM_ConfigClockSource
                0x000000000800417c      0x192 ./Drivers/STM32F3xx_HAL_Driver/Src/stm32f3xx_hal_tim.o
                0x000000000800417c                HAL_TIM_ConfigClockSource
 *fill*         0x000000000800430e        0x2 
 .text.TIM_Base_SetConfig
                0x0000000008004310       0xf0 ./Drivers/STM32F3xx_HAL_Driver/Src/stm32f3xx_hal_tim.o
                0x0000000008004310                TIM_Base_SetConfig
 .text.TIM_OC1_SetConfig
                0x0000000008004400      0x10c ./Drivers/STM32F3xx_HAL_Driver/Src/stm32f3xx_hal_tim.o
 .text.TIM_OC2_SetConfig
                0x000000000800450c      0x100 ./Drivers/STM32F3xx_HAL_Driver/Src/stm32f3xx_hal_tim.o
                0x000000000800450c                TIM_OC2_SetConfig
 .text.TIM_OC3_SetConfig
                0x000000000800460c       0xfc ./Drivers/STM32F3xx_HAL_Driver/Src/stm32f3xx_hal_tim.o
 .text.TIM_OC4_SetConfig
                0x0000000008004708       0xc8 ./Drivers/STM32F3xx_HAL_Driver/Src/stm32f3xx_hal_tim.o
 .text.TIM_OC5_SetConfig
                0x00000000080047d0       0xbc ./Drivers/STM32F3xx_HAL_Driver/Src/stm32f3xx_hal_tim.o
 .text.TIM_OC6_SetConfig
                0x000000000800488c       0xc0 ./Drivers/STM32F3xx_HAL_Driver/Src/stm32f3xx_hal_tim.o
 .text.TIM_TI1_ConfigInputStage
                0x000000000800494c       0x5e ./Drivers/STM32F3xx_HAL_Driver/Src/stm32f3xx_hal_tim.o
 .text.TIM_TI2_ConfigInputStage
                0x00000000080049aa       0x60 ./Drivers/STM32F3xx_HAL_Driver/Src/stm32f3xx_hal_tim.o
 .text.TIM_ITRx_SetConfig
                0x0000000008004a0a       0x36 ./Drivers/STM32F3xx_HAL_Driver/Src/stm32f3xx_hal_tim.o
 .text.TIM_ETR_SetConfig
                0x0000000008004a40       0x40 ./Drivers/STM32F3xx_HAL_Driver/Src/stm32f3xx_hal_tim.o
                0x0000000008004a40                TIM_ETR_SetConfig
 .text.TIM_CCxChannelCmd
                0x0000000008004a80       0x4a ./Drivers/STM32F3xx_HAL_Driver/Src/stm32f3xx_hal_tim.o
                0x0000000008004a80                TIM_CCxChannelCmd
 *fill*         0x0000000008004aca        0x2 
 .text.HAL_TIMEx_MasterConfigSynchronization
                0x0000000008004acc       0xdc ./Drivers/STM32F3xx_HAL_Driver/Src/stm32f3xx_hal_tim_ex.o
                0x0000000008004acc                HAL_TIMEx_MasterConfigSynchronization
 .text.HAL_UART_Init
                0x0000000008004ba8       0x9c ./Drivers/STM32F3xx_HAL_Driver/Src/stm32f3xx_hal_uart.o
                0x0000000008004ba8                HAL_UART_Init
 .text.HAL_UART_Receive_DMA
                0x0000000008004c44       0x9c ./Drivers/STM32F3xx_HAL_Driver/Src/stm32f3xx_hal_uart.o
                0x0000000008004c44                HAL_UART_Receive_DMA
 .text.HAL_UART_IRQHandler
                0x0000000008004ce0      0x5bc ./Drivers/STM32F3xx_HAL_Driver/Src/stm32f3xx_hal_uart.o
                0x0000000008004ce0                HAL_UART_IRQHandler
 .text.HAL_UART_TxCpltCallback
                0x000000000800529c       0x14 ./Drivers/STM32F3xx_HAL_Driver/Src/stm32f3xx_hal_uart.o
                0x000000000800529c                HAL_UART_TxCpltCallback
 .text.HAL_UART_RxHalfCpltCallback
                0x00000000080052b0       0x14 ./Drivers/STM32F3xx_HAL_Driver/Src/stm32f3xx_hal_uart.o
                0x00000000080052b0                HAL_UART_RxHalfCpltCallback
 .text.HAL_UART_ErrorCallback
                0x00000000080052c4       0x14 ./Drivers/STM32F3xx_HAL_Driver/Src/stm32f3xx_hal_uart.o
                0x00000000080052c4                HAL_UART_ErrorCallback
 .text.HAL_UARTEx_RxEventCallback
                0x00000000080052d8       0x18 ./Drivers/STM32F3xx_HAL_Driver/Src/stm32f3xx_hal_uart.o
                0x00000000080052d8                HAL_UARTEx_RxEventCallback
 .text.UART_SetConfig
                0x00000000080052f0      0x26c ./Drivers/STM32F3xx_HAL_Driver/Src/stm32f3xx_hal_uart.o
                0x00000000080052f0                UART_SetConfig
 .text.UART_AdvFeatureConfig
                0x000000000800555c      0x144 ./Drivers/STM32F3xx_HAL_Driver/Src/stm32f3xx_hal_uart.o
                0x000000000800555c                UART_AdvFeatureConfig
 .text.UART_CheckIdleState
                0x00000000080056a0       0x92 ./Drivers/STM32F3xx_HAL_Driver/Src/stm32f3xx_hal_uart.o
                0x00000000080056a0                UART_CheckIdleState
 .text.UART_WaitOnFlagUntilTimeout
                0x0000000008005732      0x188 ./Drivers/STM32F3xx_HAL_Driver/Src/stm32f3xx_hal_uart.o
                0x0000000008005732                UART_WaitOnFlagUntilTimeout
 *fill*         0x00000000080058ba        0x2 
 .text.UART_Start_Receive_DMA
                0x00000000080058bc      0x144 ./Drivers/STM32F3xx_HAL_Driver/Src/stm32f3xx_hal_uart.o
                0x00000000080058bc                UART_Start_Receive_DMA
 .text.UART_EndTxTransfer
                0x0000000008005a00       0x4c ./Drivers/STM32F3xx_HAL_Driver/Src/stm32f3xx_hal_uart.o
 .text.UART_EndRxTransfer
                0x0000000008005a4c       0xc6 ./Drivers/STM32F3xx_HAL_Driver/Src/stm32f3xx_hal_uart.o
 .text.UART_DMAReceiveCplt
                0x0000000008005b12      0x11e ./Drivers/STM32F3xx_HAL_Driver/Src/stm32f3xx_hal_uart.o
 .text.UART_DMARxHalfCplt
                0x0000000008005c30       0x38 ./Drivers/STM32F3xx_HAL_Driver/Src/stm32f3xx_hal_uart.o
 .text.UART_DMAError
                0x0000000008005c68       0x7c ./Drivers/STM32F3xx_HAL_Driver/Src/stm32f3xx_hal_uart.o
 .text.UART_DMAAbortOnError
                0x0000000008005ce4       0x2c ./Drivers/STM32F3xx_HAL_Driver/Src/stm32f3xx_hal_uart.o
 .text.UART_EndTransmit_IT
                0x0000000008005d10       0x54 ./Drivers/STM32F3xx_HAL_Driver/Src/stm32f3xx_hal_uart.o
 .text.HAL_UARTEx_WakeupCallback
                0x0000000008005d64       0x14 ./Drivers/STM32F3xx_HAL_Driver/Src/stm32f3xx_hal_uart_ex.o
                0x0000000008005d64                HAL_UARTEx_WakeupCallback
 .text.__libc_init_array
                0x0000000008005d78       0x48 /opt/stm32cubeide/plugins/com.st.stm32cube.ide.mcu.externaltools.gnu-tools-for-stm32.9-2020-q2-update.linux64_2.0.0.202105311346/tools/bin/../lib/gcc/arm-none-eabi/9.3.1/../../../../arm-none-eabi/lib/thumb/v7e-m+fp/hard/libc_nano.a(lib_a-init.o)
                0x0000000008005d78                __libc_init_array
 .text.memcpy   0x0000000008005dc0       0x1c /opt/stm32cubeide/plugins/com.st.stm32cube.ide.mcu.externaltools.gnu-tools-for-stm32.9-2020-q2-update.linux64_2.0.0.202105311346/tools/bin/../lib/gcc/arm-none-eabi/9.3.1/../../../../arm-none-eabi/lib/thumb/v7e-m+fp/hard/libc_nano.a(lib_a-memcpy-stub.o)
                0x0000000008005dc0                memcpy
 .text.memset   0x0000000008005ddc       0x10 /opt/stm32cubeide/plugins/com.st.stm32cube.ide.mcu.externaltools.gnu-tools-for-stm32.9-2020-q2-update.linux64_2.0.0.202105311346/tools/bin/../lib/gcc/arm-none-eabi/9.3.1/../../../../arm-none-eabi/lib/thumb/v7e-m+fp/hard/libc_nano.a(lib_a-memset.o)
                0x0000000008005ddc                memset
 .text.fmaxf    0x0000000008005dec       0x36 /opt/stm32cubeide/plugins/com.st.stm32cube.ide.mcu.externaltools.gnu-tools-for-stm32.9-2020-q2-update.linux64_2.0.0.202105311346/tools/bin/../lib/gcc/arm-none-eabi/9.3.1/../../../../arm-none-eabi/lib/thumb/v7e-m+fp/hard/libm.a(lib_a-sf_fmax.o)
                0x0000000008005dec                fmaxf
 .text.fminf    0x0000000008005e22       0x36 /opt/stm32cubeide/plugins/com.st.stm32cube.ide.mcu.externaltools.gnu-tools-for-stm32.9-2020-q2-update.linux64_2.0.0.202105311346/tools/bin/../lib/gcc/arm-none-eabi/9.3.1/../../../../arm-none-eabi/lib/thumb/v7e-m+fp/hard/libm.a(lib_a-sf_fmin.o)
                0x0000000008005e22                fminf
 .text.__fpclassifyf
                0x0000000008005e58       0x38 /opt/stm32cubeide/plugins/com.st.stm32cube.ide.mcu.externaltools.gnu-tools-for-stm32.9-2020-q2-update.linux64_2.0.0.202105311346/tools/bin/../lib/gcc/arm-none-eabi/9.3.1/../../../../arm-none-eabi/lib/thumb/v7e-m+fp/hard/libm.a(lib_a-sf_fpclassify.o)
                0x0000000008005e58                __fpclassifyf
 *(.glue_7)
 .glue_7        0x0000000008005e90        0x0 linker stubs
 *(.glue_7t)
 .glue_7t       0x0000000008005e90        0x0 linker stubs
 *(.eh_frame)
 .eh_frame      0x0000000008005e90        0x0 /opt/stm32cubeide/plugins/com.st.stm32cube.ide.mcu.externaltools.gnu-tools-for-stm32.9-2020-q2-update.linux64_2.0.0.202105311346/tools/bin/../lib/gcc/arm-none-eabi/9.3.1/thumb/v7e-m+fp/hard/crtbegin.o
 *(.init)
 .init          0x0000000008005e90        0x4 /opt/stm32cubeide/plugins/com.st.stm32cube.ide.mcu.externaltools.gnu-tools-for-stm32.9-2020-q2-update.linux64_2.0.0.202105311346/tools/bin/../lib/gcc/arm-none-eabi/9.3.1/thumb/v7e-m+fp/hard/crti.o
                0x0000000008005e90                _init
 .init          0x0000000008005e94        0x8 /opt/stm32cubeide/plugins/com.st.stm32cube.ide.mcu.externaltools.gnu-tools-for-stm32.9-2020-q2-update.linux64_2.0.0.202105311346/tools/bin/../lib/gcc/arm-none-eabi/9.3.1/thumb/v7e-m+fp/hard/crtn.o
 *(.fini)
 .fini          0x0000000008005e9c        0x4 /opt/stm32cubeide/plugins/com.st.stm32cube.ide.mcu.externaltools.gnu-tools-for-stm32.9-2020-q2-update.linux64_2.0.0.202105311346/tools/bin/../lib/gcc/arm-none-eabi/9.3.1/thumb/v7e-m+fp/hard/crti.o
                0x0000000008005e9c                _fini
 .fini          0x0000000008005ea0        0x8 /opt/stm32cubeide/plugins/com.st.stm32cube.ide.mcu.externaltools.gnu-tools-for-stm32.9-2020-q2-update.linux64_2.0.0.202105311346/tools/bin/../lib/gcc/arm-none-eabi/9.3.1/thumb/v7e-m+fp/hard/crtn.o
                0x0000000008005ea8                . = ALIGN (0x4)
                0x0000000008005ea8                _etext = .

.vfp11_veneer   0x0000000008005ea8        0x0
 .vfp11_veneer  0x0000000008005ea8        0x0 linker stubs

.v4_bx          0x0000000008005ea8        0x0
 .v4_bx         0x0000000008005ea8        0x0 linker stubs

.iplt           0x0000000008005ea8        0x0
 .iplt          0x0000000008005ea8        0x0 /opt/stm32cubeide/plugins/com.st.stm32cube.ide.mcu.externaltools.gnu-tools-for-stm32.9-2020-q2-update.linux64_2.0.0.202105311346/tools/bin/../lib/gcc/arm-none-eabi/9.3.1/thumb/v7e-m+fp/hard/crtbegin.o

.rodata         0x0000000008005ea8       0x38
                0x0000000008005ea8                . = ALIGN (0x4)
 *(.rodata)
 *(.rodata*)
 .rodata.AHBPrescTable
                0x0000000008005ea8       0x10 ./Core/Src/system_stm32f3xx.o
                0x0000000008005ea8                AHBPrescTable
 .rodata.APBPrescTable
                0x0000000008005eb8        0x8 ./Core/Src/system_stm32f3xx.o
                0x0000000008005eb8                APBPrescTable
 .rodata.aPLLMULFactorTable
                0x0000000008005ec0       0x10 ./Drivers/STM32F3xx_HAL_Driver/Src/stm32f3xx_hal_rcc.o
                0x0000000008005ec0                aPLLMULFactorTable
 .rodata.aPredivFactorTable
                0x0000000008005ed0       0x10 ./Drivers/STM32F3xx_HAL_Driver/Src/stm32f3xx_hal_rcc.o
                0x0000000008005ed0                aPredivFactorTable
                0x0000000008005ee0                . = ALIGN (0x4)

.rel.dyn        0x0000000008005ee0        0x0
 .rel.iplt      0x0000000008005ee0        0x0 /opt/stm32cubeide/plugins/com.st.stm32cube.ide.mcu.externaltools.gnu-tools-for-stm32.9-2020-q2-update.linux64_2.0.0.202105311346/tools/bin/../lib/gcc/arm-none-eabi/9.3.1/thumb/v7e-m+fp/hard/crtbegin.o

.ARM.extab      0x0000000008005ee0        0x0
                0x0000000008005ee0                . = ALIGN (0x4)
 *(.ARM.extab* .gnu.linkonce.armextab.*)
                0x0000000008005ee0                . = ALIGN (0x4)

.ARM            0x0000000008005ee0        0x0
                0x0000000008005ee0                . = ALIGN (0x4)
                0x0000000008005ee0                __exidx_start = .
 *(.ARM.exidx*)
                0x0000000008005ee0                __exidx_end = .
                0x0000000008005ee0                . = ALIGN (0x4)

.preinit_array  0x0000000008005ee0        0x0
                0x0000000008005ee0                . = ALIGN (0x4)
                0x0000000008005ee0                PROVIDE (__preinit_array_start = .)
 *(.preinit_array*)
                0x0000000008005ee0                PROVIDE (__preinit_array_end = .)
                0x0000000008005ee0                . = ALIGN (0x4)

.init_array     0x0000000008005ee0        0x4
                0x0000000008005ee0                . = ALIGN (0x4)
                0x0000000008005ee0                PROVIDE (__init_array_start = .)
 *(SORT_BY_NAME(.init_array.*))
 *(.init_array*)
 .init_array    0x0000000008005ee0        0x4 /opt/stm32cubeide/plugins/com.st.stm32cube.ide.mcu.externaltools.gnu-tools-for-stm32.9-2020-q2-update.linux64_2.0.0.202105311346/tools/bin/../lib/gcc/arm-none-eabi/9.3.1/thumb/v7e-m+fp/hard/crtbegin.o
                0x0000000008005ee4                PROVIDE (__init_array_end = .)
                0x0000000008005ee4                . = ALIGN (0x4)

.fini_array     0x0000000008005ee4        0x4
                0x0000000008005ee4                . = ALIGN (0x4)
                [!provide]                        PROVIDE (__fini_array_start = .)
 *(SORT_BY_NAME(.fini_array.*))
 *(.fini_array*)
 .fini_array    0x0000000008005ee4        0x4 /opt/stm32cubeide/plugins/com.st.stm32cube.ide.mcu.externaltools.gnu-tools-for-stm32.9-2020-q2-update.linux64_2.0.0.202105311346/tools/bin/../lib/gcc/arm-none-eabi/9.3.1/thumb/v7e-m+fp/hard/crtbegin.o
                [!provide]                        PROVIDE (__fini_array_end = .)
                0x0000000008005ee8                . = ALIGN (0x4)
                0x0000000008005ee8                _sidata = LOADADDR (.data)

.data           0x0000000020000000        0xc load address 0x0000000008005ee8
                0x0000000020000000                . = ALIGN (0x4)
                0x0000000020000000                _sdata = .
 *(.data)
 *(.data*)
 .data.SystemCoreClock
                0x0000000020000000        0x4 ./Core/Src/system_stm32f3xx.o
                0x0000000020000000                SystemCoreClock
 .data.uwTickPrio
                0x0000000020000004        0x4 ./Drivers/STM32F3xx_HAL_Driver/Src/stm32f3xx_hal.o
                0x0000000020000004                uwTickPrio
 .data.uwTickFreq
                0x0000000020000008        0x1 ./Drivers/STM32F3xx_HAL_Driver/Src/stm32f3xx_hal.o
                0x0000000020000008                uwTickFreq
 *(.RamFunc)
 *(.RamFunc*)
                0x000000002000000c                . = ALIGN (0x4)
 *fill*         0x0000000020000009        0x3 
                0x000000002000000c                _edata = .
                0x0000000008005ef4                _siccmram = LOADADDR (.ccmram)

.igot.plt       0x000000002000000c        0x0 load address 0x0000000008005ef4
 .igot.plt      0x000000002000000c        0x0 /opt/stm32cubeide/plugins/com.st.stm32cube.ide.mcu.externaltools.gnu-tools-for-stm32.9-2020-q2-update.linux64_2.0.0.202105311346/tools/bin/../lib/gcc/arm-none-eabi/9.3.1/thumb/v7e-m+fp/hard/crtbegin.o

.ccmram         0x0000000010000000        0x0 load address 0x0000000008005ef4
                0x0000000010000000                . = ALIGN (0x4)
                0x0000000010000000                _sccmram = .
 *(.ccmram)
 *(.ccmram*)
                0x0000000010000000                . = ALIGN (0x4)
                0x0000000010000000                _eccmram = .
                0x0000000010000000                . = ALIGN (0x4)

.bss            0x000000002000000c      0x210
                0x000000002000000c                _sbss = .
                0x000000002000000c                __bss_start__ = _sbss
 *(.bss)
 .bss           0x000000002000000c       0x1c /opt/stm32cubeide/plugins/com.st.stm32cube.ide.mcu.externaltools.gnu-tools-for-stm32.9-2020-q2-update.linux64_2.0.0.202105311346/tools/bin/../lib/gcc/arm-none-eabi/9.3.1/thumb/v7e-m+fp/hard/crtbegin.o
 *(.bss*)
 *(COMMON)
 COMMON         0x0000000020000028      0x1f0 ./Core/Src/main.o
                0x0000000020000028                hdma_usart2_rx
                0x000000002000006c                hadc2
                0x00000000200000bc                htim3
                0x0000000020000108                ssl
                0x0000000020000148                htim2
                0x0000000020000194                huart2
 COMMON         0x0000000020000218        0x4 ./Drivers/STM32F3xx_HAL_Driver/Src/stm32f3xx_hal.o
                0x0000000020000218                uwTick
                0x000000002000021c                . = ALIGN (0x4)
                0x000000002000021c                _ebss = .
                0x000000002000021c                __bss_end__ = _ebss

._user_heap_stack
                0x000000002000021c      0x604
                0x0000000020000220                . = ALIGN (0x8)
 *fill*         0x000000002000021c        0x4 
                [!provide]                        PROVIDE (end = .)
                0x0000000020000220                PROVIDE (_end = .)
                0x0000000020000420                . = (. + _Min_Heap_Size)
 *fill*         0x0000000020000220      0x200 
                0x0000000020000820                . = (. + _Min_Stack_Size)
 *fill*         0x0000000020000420      0x400 
                0x0000000020000820                . = ALIGN (0x8)

/DISCARD/
 libc.a(*)
 libm.a(*)
 libgcc.a(*)

.ARM.attributes
                0x0000000000000000       0x30
 *(.ARM.attributes)
 .ARM.attributes
                0x0000000000000000       0x1e /opt/stm32cubeide/plugins/com.st.stm32cube.ide.mcu.externaltools.gnu-tools-for-stm32.9-2020-q2-update.linux64_2.0.0.202105311346/tools/bin/../lib/gcc/arm-none-eabi/9.3.1/thumb/v7e-m+fp/hard/crti.o
 .ARM.attributes
                0x000000000000001e       0x34 /opt/stm32cubeide/plugins/com.st.stm32cube.ide.mcu.externaltools.gnu-tools-for-stm32.9-2020-q2-update.linux64_2.0.0.202105311346/tools/bin/../lib/gcc/arm-none-eabi/9.3.1/thumb/v7e-m+fp/hard/crtbegin.o
 .ARM.attributes
                0x0000000000000052       0x34 ./Core/Src/bizon.o
 .ARM.attributes
                0x0000000000000086       0x34 ./Core/Src/bizon_pin.o
 .ARM.attributes
                0x00000000000000ba       0x34 ./Core/Src/main.o
 .ARM.attributes
                0x00000000000000ee       0x34 ./Core/Src/motor_pololu.o
 .ARM.attributes
                0x0000000000000122       0x34 ./Core/Src/ssl482.o
 .ARM.attributes
                0x0000000000000156       0x34 ./Core/Src/stm32f3xx_hal_msp.o
 .ARM.attributes
                0x000000000000018a       0x34 ./Core/Src/stm32f3xx_it.o
 .ARM.attributes
                0x00000000000001be       0x34 ./Core/Src/system_stm32f3xx.o
 .ARM.attributes
                0x00000000000001f2       0x21 ./Core/Startup/startup_stm32f334k8tx.o
 .ARM.attributes
                0x0000000000000213       0x34 ./Drivers/STM32F3xx_HAL_Driver/Src/stm32f3xx_hal.o
 .ARM.attributes
                0x0000000000000247       0x34 ./Drivers/STM32F3xx_HAL_Driver/Src/stm32f3xx_hal_adc_ex.o
 .ARM.attributes
                0x000000000000027b       0x34 ./Drivers/STM32F3xx_HAL_Driver/Src/stm32f3xx_hal_cortex.o
 .ARM.attributes
                0x00000000000002af       0x34 ./Drivers/STM32F3xx_HAL_Driver/Src/stm32f3xx_hal_dma.o
 .ARM.attributes
                0x00000000000002e3       0x34 ./Drivers/STM32F3xx_HAL_Driver/Src/stm32f3xx_hal_gpio.o
 .ARM.attributes
                0x0000000000000317       0x34 ./Drivers/STM32F3xx_HAL_Driver/Src/stm32f3xx_hal_rcc.o
 .ARM.attributes
                0x000000000000034b       0x34 ./Drivers/STM32F3xx_HAL_Driver/Src/stm32f3xx_hal_rcc_ex.o
 .ARM.attributes
                0x000000000000037f       0x34 ./Drivers/STM32F3xx_HAL_Driver/Src/stm32f3xx_hal_tim.o
 .ARM.attributes
                0x00000000000003b3       0x34 ./Drivers/STM32F3xx_HAL_Driver/Src/stm32f3xx_hal_tim_ex.o
 .ARM.attributes
                0x00000000000003e7       0x34 ./Drivers/STM32F3xx_HAL_Driver/Src/stm32f3xx_hal_uart.o
 .ARM.attributes
                0x000000000000041b       0x34 ./Drivers/STM32F3xx_HAL_Driver/Src/stm32f3xx_hal_uart_ex.o
 .ARM.attributes
                0x000000000000044f       0x34 /opt/stm32cubeide/plugins/com.st.stm32cube.ide.mcu.externaltools.gnu-tools-for-stm32.9-2020-q2-update.linux64_2.0.0.202105311346/tools/bin/../lib/gcc/arm-none-eabi/9.3.1/../../../../arm-none-eabi/lib/thumb/v7e-m+fp/hard/libc_nano.a(lib_a-init.o)
 .ARM.attributes
                0x0000000000000483       0x34 /opt/stm32cubeide/plugins/com.st.stm32cube.ide.mcu.externaltools.gnu-tools-for-stm32.9-2020-q2-update.linux64_2.0.0.202105311346/tools/bin/../lib/gcc/arm-none-eabi/9.3.1/../../../../arm-none-eabi/lib/thumb/v7e-m+fp/hard/libc_nano.a(lib_a-memcpy-stub.o)
 .ARM.attributes
                0x00000000000004b7       0x34 /opt/stm32cubeide/plugins/com.st.stm32cube.ide.mcu.externaltools.gnu-tools-for-stm32.9-2020-q2-update.linux64_2.0.0.202105311346/tools/bin/../lib/gcc/arm-none-eabi/9.3.1/../../../../arm-none-eabi/lib/thumb/v7e-m+fp/hard/libc_nano.a(lib_a-memset.o)
 .ARM.attributes
                0x00000000000004eb       0x34 /opt/stm32cubeide/plugins/com.st.stm32cube.ide.mcu.externaltools.gnu-tools-for-stm32.9-2020-q2-update.linux64_2.0.0.202105311346/tools/bin/../lib/gcc/arm-none-eabi/9.3.1/../../../../arm-none-eabi/lib/thumb/v7e-m+fp/hard/libm.a(lib_a-sf_fmax.o)
 .ARM.attributes
                0x000000000000051f       0x34 /opt/stm32cubeide/plugins/com.st.stm32cube.ide.mcu.externaltools.gnu-tools-for-stm32.9-2020-q2-update.linux64_2.0.0.202105311346/tools/bin/../lib/gcc/arm-none-eabi/9.3.1/../../../../arm-none-eabi/lib/thumb/v7e-m+fp/hard/libm.a(lib_a-sf_fmin.o)
 .ARM.attributes
                0x0000000000000553       0x34 /opt/stm32cubeide/plugins/com.st.stm32cube.ide.mcu.externaltools.gnu-tools-for-stm32.9-2020-q2-update.linux64_2.0.0.202105311346/tools/bin/../lib/gcc/arm-none-eabi/9.3.1/../../../../arm-none-eabi/lib/thumb/v7e-m+fp/hard/libm.a(lib_a-sf_fpclassify.o)
 .ARM.attributes
                0x0000000000000587       0x1e /opt/stm32cubeide/plugins/com.st.stm32cube.ide.mcu.externaltools.gnu-tools-for-stm32.9-2020-q2-update.linux64_2.0.0.202105311346/tools/bin/../lib/gcc/arm-none-eabi/9.3.1/thumb/v7e-m+fp/hard/crtn.o
OUTPUT(stm32f334k8t6_test.elf elf32-littlearm)
LOAD linker stubs
LOAD /opt/stm32cubeide/plugins/com.st.stm32cube.ide.mcu.externaltools.gnu-tools-for-stm32.9-2020-q2-update.linux64_2.0.0.202105311346/tools/bin/../lib/gcc/arm-none-eabi/9.3.1/../../../../arm-none-eabi/lib/thumb/v7e-m+fp/hard/libc.a
LOAD /opt/stm32cubeide/plugins/com.st.stm32cube.ide.mcu.externaltools.gnu-tools-for-stm32.9-2020-q2-update.linux64_2.0.0.202105311346/tools/bin/../lib/gcc/arm-none-eabi/9.3.1/../../../../arm-none-eabi/lib/thumb/v7e-m+fp/hard/libm.a
LOAD /opt/stm32cubeide/plugins/com.st.stm32cube.ide.mcu.externaltools.gnu-tools-for-stm32.9-2020-q2-update.linux64_2.0.0.202105311346/tools/bin/../lib/gcc/arm-none-eabi/9.3.1/thumb/v7e-m+fp/hard/libgcc.a

.debug_info     0x0000000000000000    0x14602
 .debug_info    0x0000000000000000      0x5c1 ./Core/Src/bizon.o
 .debug_info    0x00000000000005c1      0x345 ./Core/Src/bizon_pin.o
 .debug_info    0x0000000000000906     0x22fe ./Core/Src/main.o
 .debug_info    0x0000000000002c04      0x3cd ./Core/Src/motor_pololu.o
 .debug_info    0x0000000000002fd1     0x1322 ./Core/Src/ssl482.o
 .debug_info    0x00000000000042f3     0x147d ./Core/Src/stm32f3xx_hal_msp.o
 .debug_info    0x0000000000005770      0x7e9 ./Core/Src/stm32f3xx_it.o
 .debug_info    0x0000000000005f59      0x49a ./Core/Src/system_stm32f3xx.o
 .debug_info    0x00000000000063f3       0x22 ./Core/Startup/startup_stm32f334k8tx.o
 .debug_info    0x0000000000006415      0x7dd ./Drivers/STM32F3xx_HAL_Driver/Src/stm32f3xx_hal.o
 .debug_info    0x0000000000006bf2     0x16c7 ./Drivers/STM32F3xx_HAL_Driver/Src/stm32f3xx_hal_adc_ex.o
 .debug_info    0x00000000000082b9      0xc09 ./Drivers/STM32F3xx_HAL_Driver/Src/stm32f3xx_hal_cortex.o
 .debug_info    0x0000000000008ec2      0x839 ./Drivers/STM32F3xx_HAL_Driver/Src/stm32f3xx_hal_dma.o
 .debug_info    0x00000000000096fb      0x83d ./Drivers/STM32F3xx_HAL_Driver/Src/stm32f3xx_hal_gpio.o
 .debug_info    0x0000000000009f38     0x15b5 ./Drivers/STM32F3xx_HAL_Driver/Src/stm32f3xx_hal_rcc.o
 .debug_info    0x000000000000b4ed      0x61d ./Drivers/STM32F3xx_HAL_Driver/Src/stm32f3xx_hal_rcc_ex.o
 .debug_info    0x000000000000bb0a     0x2cf6 ./Drivers/STM32F3xx_HAL_Driver/Src/stm32f3xx_hal_tim.o
 .debug_info    0x000000000000e800     0x163e ./Drivers/STM32F3xx_HAL_Driver/Src/stm32f3xx_hal_tim_ex.o
 .debug_info    0x000000000000fe3e     0x3af9 ./Drivers/STM32F3xx_HAL_Driver/Src/stm32f3xx_hal_uart.o
 .debug_info    0x0000000000013937      0xccb ./Drivers/STM32F3xx_HAL_Driver/Src/stm32f3xx_hal_uart_ex.o

.debug_abbrev   0x0000000000000000     0x29bf
 .debug_abbrev  0x0000000000000000      0x18c ./Core/Src/bizon.o
 .debug_abbrev  0x000000000000018c      0x170 ./Core/Src/bizon_pin.o
 .debug_abbrev  0x00000000000002fc      0x344 ./Core/Src/main.o
 .debug_abbrev  0x0000000000000640      0x170 ./Core/Src/motor_pololu.o
 .debug_abbrev  0x00000000000007b0      0x2ac ./Core/Src/ssl482.o
 .debug_abbrev  0x0000000000000a5c      0x23e ./Core/Src/stm32f3xx_hal_msp.o
 .debug_abbrev  0x0000000000000c9a      0x163 ./Core/Src/stm32f3xx_it.o
 .debug_abbrev  0x0000000000000dfd      0x145 ./Core/Src/system_stm32f3xx.o
 .debug_abbrev  0x0000000000000f42       0x12 ./Core/Startup/startup_stm32f334k8tx.o
 .debug_abbrev  0x0000000000000f54      0x1ed ./Drivers/STM32F3xx_HAL_Driver/Src/stm32f3xx_hal.o
 .debug_abbrev  0x0000000000001141      0x253 ./Drivers/STM32F3xx_HAL_Driver/Src/stm32f3xx_hal_adc_ex.o
 .debug_abbrev  0x0000000000001394      0x313 ./Drivers/STM32F3xx_HAL_Driver/Src/stm32f3xx_hal_cortex.o
 .debug_abbrev  0x00000000000016a7      0x228 ./Drivers/STM32F3xx_HAL_Driver/Src/stm32f3xx_hal_dma.o
 .debug_abbrev  0x00000000000018cf      0x1e8 ./Drivers/STM32F3xx_HAL_Driver/Src/stm32f3xx_hal_gpio.o
 .debug_abbrev  0x0000000000001ab7      0x2c4 ./Drivers/STM32F3xx_HAL_Driver/Src/stm32f3xx_hal_rcc.o
 .debug_abbrev  0x0000000000001d7b      0x22b ./Drivers/STM32F3xx_HAL_Driver/Src/stm32f3xx_hal_rcc_ex.o
 .debug_abbrev  0x0000000000001fa6      0x25e ./Drivers/STM32F3xx_HAL_Driver/Src/stm32f3xx_hal_tim.o
 .debug_abbrev  0x0000000000002204      0x266 ./Drivers/STM32F3xx_HAL_Driver/Src/stm32f3xx_hal_tim_ex.o
 .debug_abbrev  0x000000000000246a      0x2b3 ./Drivers/STM32F3xx_HAL_Driver/Src/stm32f3xx_hal_uart.o
 .debug_abbrev  0x000000000000271d      0x2a2 ./Drivers/STM32F3xx_HAL_Driver/Src/stm32f3xx_hal_uart_ex.o

.debug_aranges  0x0000000000000000      0xf68
 .debug_aranges
                0x0000000000000000       0x38 ./Core/Src/bizon.o
 .debug_aranges
                0x0000000000000038       0x38 ./Core/Src/bizon_pin.o
 .debug_aranges
                0x0000000000000070       0x68 ./Core/Src/main.o
 .debug_aranges
                0x00000000000000d8       0x40 ./Core/Src/motor_pololu.o
 .debug_aranges
                0x0000000000000118       0x58 ./Core/Src/ssl482.o
 .debug_aranges
                0x0000000000000170       0x68 ./Core/Src/stm32f3xx_hal_msp.o
 .debug_aranges
                0x00000000000001d8       0x70 ./Core/Src/stm32f3xx_it.o
 .debug_aranges
                0x0000000000000248       0x28 ./Core/Src/system_stm32f3xx.o
 .debug_aranges
                0x0000000000000270       0x28 ./Core/Startup/startup_stm32f334k8tx.o
 .debug_aranges
                0x0000000000000298       0xe0 ./Drivers/STM32F3xx_HAL_Driver/Src/stm32f3xx_hal.o
 .debug_aranges
                0x0000000000000378      0x168 ./Drivers/STM32F3xx_HAL_Driver/Src/stm32f3xx_hal_adc_ex.o
 .debug_aranges
                0x00000000000004e0      0x100 ./Drivers/STM32F3xx_HAL_Driver/Src/stm32f3xx_hal_cortex.o
 .debug_aranges
                0x00000000000005e0       0x88 ./Drivers/STM32F3xx_HAL_Driver/Src/stm32f3xx_hal_dma.o
 .debug_aranges
                0x0000000000000668       0x58 ./Drivers/STM32F3xx_HAL_Driver/Src/stm32f3xx_hal_gpio.o
 .debug_aranges
                0x00000000000006c0       0x88 ./Drivers/STM32F3xx_HAL_Driver/Src/stm32f3xx_hal_rcc.o
 .debug_aranges
                0x0000000000000748       0x38 ./Drivers/STM32F3xx_HAL_Driver/Src/stm32f3xx_hal_rcc_ex.o
 .debug_aranges
                0x0000000000000780      0x3e0 ./Drivers/STM32F3xx_HAL_Driver/Src/stm32f3xx_hal_tim.o
 .debug_aranges
                0x0000000000000b60      0x178 ./Drivers/STM32F3xx_HAL_Driver/Src/stm32f3xx_hal_tim_ex.o
 .debug_aranges
                0x0000000000000cd8      0x228 ./Drivers/STM32F3xx_HAL_Driver/Src/stm32f3xx_hal_uart.o
 .debug_aranges
                0x0000000000000f00       0x68 ./Drivers/STM32F3xx_HAL_Driver/Src/stm32f3xx_hal_uart_ex.o

.debug_ranges   0x0000000000000000      0xe60
 .debug_ranges  0x0000000000000000       0x28 ./Core/Src/bizon.o
 .debug_ranges  0x0000000000000028       0x28 ./Core/Src/bizon_pin.o
 .debug_ranges  0x0000000000000050       0x58 ./Core/Src/main.o
 .debug_ranges  0x00000000000000a8       0x30 ./Core/Src/motor_pololu.o
 .debug_ranges  0x00000000000000d8       0x48 ./Core/Src/ssl482.o
 .debug_ranges  0x0000000000000120       0x58 ./Core/Src/stm32f3xx_hal_msp.o
 .debug_ranges  0x0000000000000178       0x60 ./Core/Src/stm32f3xx_it.o
 .debug_ranges  0x00000000000001d8       0x18 ./Core/Src/system_stm32f3xx.o
 .debug_ranges  0x00000000000001f0       0x20 ./Core/Startup/startup_stm32f334k8tx.o
 .debug_ranges  0x0000000000000210       0xd0 ./Drivers/STM32F3xx_HAL_Driver/Src/stm32f3xx_hal.o
 .debug_ranges  0x00000000000002e0      0x158 ./Drivers/STM32F3xx_HAL_Driver/Src/stm32f3xx_hal_adc_ex.o
 .debug_ranges  0x0000000000000438       0xf0 ./Drivers/STM32F3xx_HAL_Driver/Src/stm32f3xx_hal_cortex.o
 .debug_ranges  0x0000000000000528       0x78 ./Drivers/STM32F3xx_HAL_Driver/Src/stm32f3xx_hal_dma.o
 .debug_ranges  0x00000000000005a0       0x48 ./Drivers/STM32F3xx_HAL_Driver/Src/stm32f3xx_hal_gpio.o
 .debug_ranges  0x00000000000005e8       0x78 ./Drivers/STM32F3xx_HAL_Driver/Src/stm32f3xx_hal_rcc.o
 .debug_ranges  0x0000000000000660       0x28 ./Drivers/STM32F3xx_HAL_Driver/Src/stm32f3xx_hal_rcc_ex.o
 .debug_ranges  0x0000000000000688      0x3d0 ./Drivers/STM32F3xx_HAL_Driver/Src/stm32f3xx_hal_tim.o
 .debug_ranges  0x0000000000000a58      0x168 ./Drivers/STM32F3xx_HAL_Driver/Src/stm32f3xx_hal_tim_ex.o
 .debug_ranges  0x0000000000000bc0      0x248 ./Drivers/STM32F3xx_HAL_Driver/Src/stm32f3xx_hal_uart.o
 .debug_ranges  0x0000000000000e08       0x58 ./Drivers/STM32F3xx_HAL_Driver/Src/stm32f3xx_hal_uart_ex.o

.debug_macro    0x0000000000000000    0x21835
 .debug_macro   0x0000000000000000      0x206 ./Core/Src/bizon.o
 .debug_macro   0x0000000000000206      0xaa8 ./Core/Src/bizon.o
 .debug_macro   0x0000000000000cae       0x22 ./Core/Src/bizon.o
 .debug_macro   0x0000000000000cd0       0x8e ./Core/Src/bizon.o
 .debug_macro   0x0000000000000d5e       0x51 ./Core/Src/bizon.o
 .debug_macro   0x0000000000000daf      0x103 ./Core/Src/bizon.o
 .debug_macro   0x0000000000000eb2       0x6a ./Core/Src/bizon.o
 .debug_macro   0x0000000000000f1c      0x1df ./Core/Src/bizon.o
 .debug_macro   0x00000000000010fb      0x15d ./Core/Src/bizon.o
 .debug_macro   0x0000000000001258       0x2e ./Core/Src/bizon.o
 .debug_macro   0x0000000000001286       0x28 ./Core/Src/bizon.o
 .debug_macro   0x00000000000012ae       0x1c ./Core/Src/bizon.o
 .debug_macro   0x00000000000012ca       0x22 ./Core/Src/bizon.o
 .debug_macro   0x00000000000012ec       0xdf ./Core/Src/bizon.o
 .debug_macro   0x00000000000013cb      0xf07 ./Core/Src/bizon.o
 .debug_macro   0x00000000000022d2    0x1585b ./Core/Src/bizon.o
 .debug_macro   0x0000000000017b2d       0x6d ./Core/Src/bizon.o
 .debug_macro   0x0000000000017b9a     0x3540 ./Core/Src/bizon.o
 .debug_macro   0x000000000001b0da      0x174 ./Core/Src/bizon.o
 .debug_macro   0x000000000001b24e       0x55 ./Core/Src/bizon.o
 .debug_macro   0x000000000001b2a3      0x8f9 ./Core/Src/bizon.o
 .debug_macro   0x000000000001bb9c      0x358 ./Core/Src/bizon.o
 .debug_macro   0x000000000001bef4      0x1b6 ./Core/Src/bizon.o
 .debug_macro   0x000000000001c0aa      0x130 ./Core/Src/bizon.o
 .debug_macro   0x000000000001c1da      0x1d5 ./Core/Src/bizon.o
 .debug_macro   0x000000000001c3af      0x1bc ./Core/Src/bizon.o
 .debug_macro   0x000000000001c56b       0x34 ./Core/Src/bizon.o
 .debug_macro   0x000000000001c59f       0x3c ./Core/Src/bizon.o
 .debug_macro   0x000000000001c5db       0x57 ./Core/Src/bizon.o
 .debug_macro   0x000000000001c632      0x845 ./Core/Src/bizon.o
 .debug_macro   0x000000000001ce77       0x77 ./Core/Src/bizon.o
 .debug_macro   0x000000000001ceee       0xc5 ./Core/Src/bizon.o
 .debug_macro   0x000000000001cfb3      0x19f ./Core/Src/bizon.o
 .debug_macro   0x000000000001d152      0x22c ./Core/Src/bizon.o
 .debug_macro   0x000000000001d37e       0x5b ./Core/Src/bizon.o
 .debug_macro   0x000000000001d3d9       0xa5 ./Core/Src/bizon.o
 .debug_macro   0x000000000001d47e       0x81 ./Core/Src/bizon.o
 .debug_macro   0x000000000001d4ff       0xd3 ./Core/Src/bizon.o
 .debug_macro   0x000000000001d5d2      0xa3d ./Core/Src/bizon.o
 .debug_macro   0x000000000001e00f       0x59 ./Core/Src/bizon.o
 .debug_macro   0x000000000001e068      0x5a5 ./Core/Src/bizon.o
 .debug_macro   0x000000000001e60d       0x44 ./Core/Src/bizon.o
 .debug_macro   0x000000000001e651      0x2a1 ./Core/Src/bizon.o
 .debug_macro   0x000000000001e8f2       0xca ./Core/Src/bizon.o
 .debug_macro   0x000000000001e9bc      0x1e9 ./Core/Src/bizon_pin.o
 .debug_macro   0x000000000001eba5      0x300 ./Core/Src/main.o
 .debug_macro   0x000000000001eea5       0xc4 ./Core/Src/main.o
 .debug_macro   0x000000000001ef69       0x52 ./Core/Src/main.o
 .debug_macro   0x000000000001efbb       0x18 ./Core/Src/main.o
 .debug_macro   0x000000000001efd3       0x3c ./Core/Src/main.o
 .debug_macro   0x000000000001f00f       0x34 ./Core/Src/main.o
 .debug_macro   0x000000000001f043       0x16 ./Core/Src/main.o
 .debug_macro   0x000000000001f059       0x43 ./Core/Src/main.o
 .debug_macro   0x000000000001f09c       0x34 ./Core/Src/main.o
 .debug_macro   0x000000000001f0d0       0x10 ./Core/Src/main.o
 .debug_macro   0x000000000001f0e0       0x58 ./Core/Src/main.o
 .debug_macro   0x000000000001f138       0x71 ./Core/Src/main.o
 .debug_macro   0x000000000001f1a9       0x1c ./Core/Src/main.o
 .debug_macro   0x000000000001f1c5      0x12a ./Core/Src/main.o
 .debug_macro   0x000000000001f2ef      0x333 ./Core/Src/main.o
 .debug_macro   0x000000000001f622       0x10 ./Core/Src/main.o
 .debug_macro   0x000000000001f632       0x35 ./Core/Src/main.o
 .debug_macro   0x000000000001f667       0x20 ./Core/Src/main.o
 .debug_macro   0x000000000001f687      0x1a9 ./Core/Src/main.o
 .debug_macro   0x000000000001f830       0x52 ./Core/Src/main.o
 .debug_macro   0x000000000001f882      0x1f3 ./Core/Src/motor_pololu.o
 .debug_macro   0x000000000001fa75      0x2cf ./Core/Src/ssl482.o
 .debug_macro   0x000000000001fd44      0x1ee ./Core/Src/stm32f3xx_hal_msp.o
 .debug_macro   0x000000000001ff32      0x1f8 ./Core/Src/stm32f3xx_it.o
 .debug_macro   0x000000000002012a      0x1df ./Core/Src/system_stm32f3xx.o
 .debug_macro   0x0000000000020309      0x203 ./Drivers/STM32F3xx_HAL_Driver/Src/stm32f3xx_hal.o
 .debug_macro   0x000000000002050c      0x209 ./Drivers/STM32F3xx_HAL_Driver/Src/stm32f3xx_hal_adc_ex.o
 .debug_macro   0x0000000000020715      0x1df ./Drivers/STM32F3xx_HAL_Driver/Src/stm32f3xx_hal_cortex.o
 .debug_macro   0x00000000000208f4      0x1df ./Drivers/STM32F3xx_HAL_Driver/Src/stm32f3xx_hal_dma.o
 .debug_macro   0x0000000000020ad3      0x1e6 ./Drivers/STM32F3xx_HAL_Driver/Src/stm32f3xx_hal_gpio.o
 .debug_macro   0x0000000000020cb9      0x203 ./Drivers/STM32F3xx_HAL_Driver/Src/stm32f3xx_hal_rcc.o
 .debug_macro   0x0000000000020ebc      0x1df ./Drivers/STM32F3xx_HAL_Driver/Src/stm32f3xx_hal_rcc_ex.o
 .debug_macro   0x000000000002109b      0x1e0 ./Drivers/STM32F3xx_HAL_Driver/Src/stm32f3xx_hal_tim.o
 .debug_macro   0x000000000002127b      0x1df ./Drivers/STM32F3xx_HAL_Driver/Src/stm32f3xx_hal_tim_ex.o
 .debug_macro   0x000000000002145a      0x1fc ./Drivers/STM32F3xx_HAL_Driver/Src/stm32f3xx_hal_uart.o
 .debug_macro   0x0000000000021656      0x1df ./Drivers/STM32F3xx_HAL_Driver/Src/stm32f3xx_hal_uart_ex.o

.debug_line     0x0000000000000000    0x13e44
 .debug_line    0x0000000000000000      0x752 ./Core/Src/bizon.o
 .debug_line    0x0000000000000752      0x721 ./Core/Src/bizon_pin.o
 .debug_line    0x0000000000000e73      0xb3b ./Core/Src/main.o
 .debug_line    0x00000000000019ae      0x74e ./Core/Src/motor_pololu.o
 .debug_line    0x00000000000020fc      0xa23 ./Core/Src/ssl482.o
 .debug_line    0x0000000000002b1f      0x845 ./Core/Src/stm32f3xx_hal_msp.o
 .debug_line    0x0000000000003364      0x7be ./Core/Src/stm32f3xx_it.o
 .debug_line    0x0000000000003b22      0x742 ./Core/Src/system_stm32f3xx.o
 .debug_line    0x0000000000004264       0x88 ./Core/Startup/startup_stm32f334k8tx.o
 .debug_line    0x00000000000042ec      0x977 ./Drivers/STM32F3xx_HAL_Driver/Src/stm32f3xx_hal.o
 .debug_line    0x0000000000004c63     0x2066 ./Drivers/STM32F3xx_HAL_Driver/Src/stm32f3xx_hal_adc_ex.o
 .debug_line    0x0000000000006cc9      0xb5f ./Drivers/STM32F3xx_HAL_Driver/Src/stm32f3xx_hal_cortex.o
 .debug_line    0x0000000000007828      0xc65 ./Drivers/STM32F3xx_HAL_Driver/Src/stm32f3xx_hal_dma.o
 .debug_line    0x000000000000848d      0xac4 ./Drivers/STM32F3xx_HAL_Driver/Src/stm32f3xx_hal_gpio.o
 .debug_line    0x0000000000008f51     0x1351 ./Drivers/STM32F3xx_HAL_Driver/Src/stm32f3xx_hal_rcc.o
 .debug_line    0x000000000000a2a2      0xa63 ./Drivers/STM32F3xx_HAL_Driver/Src/stm32f3xx_hal_rcc_ex.o
 .debug_line    0x000000000000ad05     0x3b9c ./Drivers/STM32F3xx_HAL_Driver/Src/stm32f3xx_hal_tim.o
 .debug_line    0x000000000000e8a1     0x19ea ./Drivers/STM32F3xx_HAL_Driver/Src/stm32f3xx_hal_tim_ex.o
 .debug_line    0x000000000001028b     0x308b ./Drivers/STM32F3xx_HAL_Driver/Src/stm32f3xx_hal_uart.o
 .debug_line    0x0000000000013316      0xb2e ./Drivers/STM32F3xx_HAL_Driver/Src/stm32f3xx_hal_uart_ex.o

.debug_str      0x0000000000000000    0xca953
 .debug_str     0x0000000000000000    0xc261a ./Core/Src/bizon.o
                                      0xc2914 (size before relaxing)
 .debug_str     0x00000000000c261a       0x83 ./Core/Src/bizon_pin.o
                                      0xc2575 (size before relaxing)
 .debug_str     0x00000000000c269d     0x4be4 ./Core/Src/main.o
                                      0xc7772 (size before relaxing)
 .debug_str     0x00000000000c7281       0x9e ./Core/Src/motor_pololu.o
                                      0xc25d0 (size before relaxing)
 .debug_str     0x00000000000c731f      0x10a ./Core/Src/ssl482.o
                                      0xc673f (size before relaxing)
 .debug_str     0x00000000000c7429       0xf9 ./Core/Src/stm32f3xx_hal_msp.o
                                      0xc3621 (size before relaxing)
 .debug_str     0x00000000000c7522       0xe8 ./Core/Src/stm32f3xx_it.o
                                      0xc2c63 (size before relaxing)
 .debug_str     0x00000000000c760a       0xb3 ./Core/Src/system_stm32f3xx.o
                                      0xc25b0 (size before relaxing)
 .debug_str     0x00000000000c76bd       0x36 ./Core/Startup/startup_stm32f334k8tx.o
                                         0x7f (size before relaxing)
 .debug_str     0x00000000000c76f3      0x317 ./Drivers/STM32F3xx_HAL_Driver/Src/stm32f3xx_hal.o
                                      0xc2c76 (size before relaxing)
 .debug_str     0x00000000000c7a0a      0x85b ./Drivers/STM32F3xx_HAL_Driver/Src/stm32f3xx_hal_adc_ex.o
                                      0xc3208 (size before relaxing)
 .debug_str     0x00000000000c8265      0x284 ./Drivers/STM32F3xx_HAL_Driver/Src/stm32f3xx_hal_cortex.o
                                      0xc2c57 (size before relaxing)
 .debug_str     0x00000000000c84e9      0x248 ./Drivers/STM32F3xx_HAL_Driver/Src/stm32f3xx_hal_dma.o
                                      0xc292a (size before relaxing)
 .debug_str     0x00000000000c8731      0x195 ./Drivers/STM32F3xx_HAL_Driver/Src/stm32f3xx_hal_gpio.o
                                      0xc27cd (size before relaxing)
 .debug_str     0x00000000000c88c6      0x2f0 ./Drivers/STM32F3xx_HAL_Driver/Src/stm32f3xx_hal_rcc.o
                                      0xc2a1e (size before relaxing)
 .debug_str     0x00000000000c8bb6       0xd8 ./Drivers/STM32F3xx_HAL_Driver/Src/stm32f3xx_hal_rcc_ex.o
                                      0xc2747 (size before relaxing)
 .debug_str     0x00000000000c8c8e      0xd72 ./Drivers/STM32F3xx_HAL_Driver/Src/stm32f3xx_hal_tim.o
                                      0xc3973 (size before relaxing)
 .debug_str     0x00000000000c9a00      0x550 ./Drivers/STM32F3xx_HAL_Driver/Src/stm32f3xx_hal_tim_ex.o
                                      0xc3177 (size before relaxing)
 .debug_str     0x00000000000c9f50      0x865 ./Drivers/STM32F3xx_HAL_Driver/Src/stm32f3xx_hal_uart.o
                                      0xc322e (size before relaxing)
 .debug_str     0x00000000000ca7b5      0x19e ./Drivers/STM32F3xx_HAL_Driver/Src/stm32f3xx_hal_uart_ex.o
                                      0xc2b18 (size before relaxing)

.comment        0x0000000000000000       0x53
 .comment       0x0000000000000000       0x53 ./Core/Src/bizon.o
                                         0x54 (size before relaxing)
 .comment       0x0000000000000053       0x54 ./Core/Src/bizon_pin.o
 .comment       0x0000000000000053       0x54 ./Core/Src/main.o
 .comment       0x0000000000000053       0x54 ./Core/Src/motor_pololu.o
 .comment       0x0000000000000053       0x54 ./Core/Src/ssl482.o
 .comment       0x0000000000000053       0x54 ./Core/Src/stm32f3xx_hal_msp.o
 .comment       0x0000000000000053       0x54 ./Core/Src/stm32f3xx_it.o
 .comment       0x0000000000000053       0x54 ./Core/Src/system_stm32f3xx.o
 .comment       0x0000000000000053       0x54 ./Drivers/STM32F3xx_HAL_Driver/Src/stm32f3xx_hal.o
 .comment       0x0000000000000053       0x54 ./Drivers/STM32F3xx_HAL_Driver/Src/stm32f3xx_hal_adc_ex.o
 .comment       0x0000000000000053       0x54 ./Drivers/STM32F3xx_HAL_Driver/Src/stm32f3xx_hal_cortex.o
 .comment       0x0000000000000053       0x54 ./Drivers/STM32F3xx_HAL_Driver/Src/stm32f3xx_hal_dma.o
 .comment       0x0000000000000053       0x54 ./Drivers/STM32F3xx_HAL_Driver/Src/stm32f3xx_hal_gpio.o
 .comment       0x0000000000000053       0x54 ./Drivers/STM32F3xx_HAL_Driver/Src/stm32f3xx_hal_rcc.o
 .comment       0x0000000000000053       0x54 ./Drivers/STM32F3xx_HAL_Driver/Src/stm32f3xx_hal_rcc_ex.o
 .comment       0x0000000000000053       0x54 ./Drivers/STM32F3xx_HAL_Driver/Src/stm32f3xx_hal_tim.o
 .comment       0x0000000000000053       0x54 ./Drivers/STM32F3xx_HAL_Driver/Src/stm32f3xx_hal_tim_ex.o
 .comment       0x0000000000000053       0x54 ./Drivers/STM32F3xx_HAL_Driver/Src/stm32f3xx_hal_uart.o
 .comment       0x0000000000000053       0x54 ./Drivers/STM32F3xx_HAL_Driver/Src/stm32f3xx_hal_uart_ex.o

.debug_frame    0x0000000000000000     0x40bc
 .debug_frame   0x0000000000000000       0xa8 ./Core/Src/bizon.o
 .debug_frame   0x00000000000000a8       0xa4 ./Core/Src/bizon_pin.o
 .debug_frame   0x000000000000014c      0x160 ./Core/Src/main.o
 .debug_frame   0x00000000000002ac       0xc8 ./Core/Src/motor_pololu.o
 .debug_frame   0x0000000000000374      0x13c ./Core/Src/ssl482.o
 .debug_frame   0x00000000000004b0      0x18c ./Core/Src/stm32f3xx_hal_msp.o
 .debug_frame   0x000000000000063c      0x13c ./Core/Src/stm32f3xx_it.o
 .debug_frame   0x0000000000000778       0x58 ./Core/Src/system_stm32f3xx.o
 .debug_frame   0x00000000000007d0      0x334 ./Drivers/STM32F3xx_HAL_Driver/Src/stm32f3xx_hal.o
 .debug_frame   0x0000000000000b04      0x638 ./Drivers/STM32F3xx_HAL_Driver/Src/stm32f3xx_hal_adc_ex.o
 .debug_frame   0x000000000000113c      0x428 ./Drivers/STM32F3xx_HAL_Driver/Src/stm32f3xx_hal_cortex.o
 .debug_frame   0x0000000000001564      0x224 ./Drivers/STM32F3xx_HAL_Driver/Src/stm32f3xx_hal_dma.o
 .debug_frame   0x0000000000001788      0x14c ./Drivers/STM32F3xx_HAL_Driver/Src/stm32f3xx_hal_gpio.o
 .debug_frame   0x00000000000018d4      0x214 ./Drivers/STM32F3xx_HAL_Driver/Src/stm32f3xx_hal_rcc.o
 .debug_frame   0x0000000000001ae8       0xb4 ./Drivers/STM32F3xx_HAL_Driver/Src/stm32f3xx_hal_rcc_ex.o
 .debug_frame   0x0000000000001b9c     0x121c ./Drivers/STM32F3xx_HAL_Driver/Src/stm32f3xx_hal_tim.o
 .debug_frame   0x0000000000002db8      0x688 ./Drivers/STM32F3xx_HAL_Driver/Src/stm32f3xx_hal_tim_ex.o
 .debug_frame   0x0000000000003440      0x9e8 ./Drivers/STM32F3xx_HAL_Driver/Src/stm32f3xx_hal_uart.o
 .debug_frame   0x0000000000003e28      0x190 ./Drivers/STM32F3xx_HAL_Driver/Src/stm32f3xx_hal_uart_ex.o
 .debug_frame   0x0000000000003fb8       0x2c /opt/stm32cubeide/plugins/com.st.stm32cube.ide.mcu.externaltools.gnu-tools-for-stm32.9-2020-q2-update.linux64_2.0.0.202105311346/tools/bin/../lib/gcc/arm-none-eabi/9.3.1/../../../../arm-none-eabi/lib/thumb/v7e-m+fp/hard/libc_nano.a(lib_a-init.o)
 .debug_frame   0x0000000000003fe4       0x28 /opt/stm32cubeide/plugins/com.st.stm32cube.ide.mcu.externaltools.gnu-tools-for-stm32.9-2020-q2-update.linux64_2.0.0.202105311346/tools/bin/../lib/gcc/arm-none-eabi/9.3.1/../../../../arm-none-eabi/lib/thumb/v7e-m+fp/hard/libc_nano.a(lib_a-memcpy-stub.o)
 .debug_frame   0x000000000000400c       0x20 /opt/stm32cubeide/plugins/com.st.stm32cube.ide.mcu.externaltools.gnu-tools-for-stm32.9-2020-q2-update.linux64_2.0.0.202105311346/tools/bin/../lib/gcc/arm-none-eabi/9.3.1/../../../../arm-none-eabi/lib/thumb/v7e-m+fp/hard/libc_nano.a(lib_a-memset.o)
 .debug_frame   0x000000000000402c       0x38 /opt/stm32cubeide/plugins/com.st.stm32cube.ide.mcu.externaltools.gnu-tools-for-stm32.9-2020-q2-update.linux64_2.0.0.202105311346/tools/bin/../lib/gcc/arm-none-eabi/9.3.1/../../../../arm-none-eabi/lib/thumb/v7e-m+fp/hard/libm.a(lib_a-sf_fmax.o)
 .debug_frame   0x0000000000004064       0x38 /opt/stm32cubeide/plugins/com.st.stm32cube.ide.mcu.externaltools.gnu-tools-for-stm32.9-2020-q2-update.linux64_2.0.0.202105311346/tools/bin/../lib/gcc/arm-none-eabi/9.3.1/../../../../arm-none-eabi/lib/thumb/v7e-m+fp/hard/libm.a(lib_a-sf_fmin.o)
 .debug_frame   0x000000000000409c       0x20 /opt/stm32cubeide/plugins/com.st.stm32cube.ide.mcu.externaltools.gnu-tools-for-stm32.9-2020-q2-update.linux64_2.0.0.202105311346/tools/bin/../lib/gcc/arm-none-eabi/9.3.1/../../../../arm-none-eabi/lib/thumb/v7e-m+fp/hard/libm.a(lib_a-sf_fpclassify.o)
