Archive member included to satisfy reference by file (symbol)

/opt/st/stm32cubeide_1.8.0/plugins/com.st.stm32cube.ide.mcu.externaltools.gnu-tools-for-stm32.9-2020-q2-update.linux64_2.0.0.202105311346/tools/bin/../lib/gcc/arm-none-eabi/9.3.1/../../../../arm-none-eabi/lib/thumb/v7e-m+fp/hard/libc_nano.a(lib_a-errno.o)
                              ./Core/Src/syscalls.o (__errno)
/opt/st/stm32cubeide_1.8.0/plugins/com.st.stm32cube.ide.mcu.externaltools.gnu-tools-for-stm32.9-2020-q2-update.linux64_2.0.0.202105311346/tools/bin/../lib/gcc/arm-none-eabi/9.3.1/../../../../arm-none-eabi/lib/thumb/v7e-m+fp/hard/libc_nano.a(lib_a-exit.o)
                              /opt/st/stm32cubeide_1.8.0/plugins/com.st.stm32cube.ide.mcu.externaltools.gnu-tools-for-stm32.9-2020-q2-update.linux64_2.0.0.202105311346/tools/bin/../lib/gcc/arm-none-eabi/9.3.1/../../../../arm-none-eabi/lib/thumb/v7e-m+fp/hard/crt0.o (exit)
/opt/st/stm32cubeide_1.8.0/plugins/com.st.stm32cube.ide.mcu.externaltools.gnu-tools-for-stm32.9-2020-q2-update.linux64_2.0.0.202105311346/tools/bin/../lib/gcc/arm-none-eabi/9.3.1/../../../../arm-none-eabi/lib/thumb/v7e-m+fp/hard/libc_nano.a(lib_a-impure.o)
                              /opt/st/stm32cubeide_1.8.0/plugins/com.st.stm32cube.ide.mcu.externaltools.gnu-tools-for-stm32.9-2020-q2-update.linux64_2.0.0.202105311346/tools/bin/../lib/gcc/arm-none-eabi/9.3.1/../../../../arm-none-eabi/lib/thumb/v7e-m+fp/hard/libc_nano.a(lib_a-exit.o) (_global_impure_ptr)
/opt/st/stm32cubeide_1.8.0/plugins/com.st.stm32cube.ide.mcu.externaltools.gnu-tools-for-stm32.9-2020-q2-update.linux64_2.0.0.202105311346/tools/bin/../lib/gcc/arm-none-eabi/9.3.1/../../../../arm-none-eabi/lib/thumb/v7e-m+fp/hard/libc_nano.a(lib_a-init.o)
                              /opt/st/stm32cubeide_1.8.0/plugins/com.st.stm32cube.ide.mcu.externaltools.gnu-tools-for-stm32.9-2020-q2-update.linux64_2.0.0.202105311346/tools/bin/../lib/gcc/arm-none-eabi/9.3.1/../../../../arm-none-eabi/lib/thumb/v7e-m+fp/hard/crt0.o (__libc_init_array)
/opt/st/stm32cubeide_1.8.0/plugins/com.st.stm32cube.ide.mcu.externaltools.gnu-tools-for-stm32.9-2020-q2-update.linux64_2.0.0.202105311346/tools/bin/../lib/gcc/arm-none-eabi/9.3.1/../../../../arm-none-eabi/lib/thumb/v7e-m+fp/hard/libc_nano.a(lib_a-memset.o)
                              /opt/st/stm32cubeide_1.8.0/plugins/com.st.stm32cube.ide.mcu.externaltools.gnu-tools-for-stm32.9-2020-q2-update.linux64_2.0.0.202105311346/tools/bin/../lib/gcc/arm-none-eabi/9.3.1/../../../../arm-none-eabi/lib/thumb/v7e-m+fp/hard/crt0.o (memset)

Allocating common symbols
Common symbol       size              file

hadc2               0x50              ./Core/Src/main.o
uwTick              0x4               ./Drivers/STM32F3xx_HAL_Driver/Src/stm32f3xx_hal.o
pFlash              0x20              ./Drivers/STM32F3xx_HAL_Driver/Src/stm32f3xx_hal_flash.o
htim3               0x4c              ./Core/Src/main.o
huart1              0x84              ./Core/Src/main.o

Discarded input sections

 .text          0x0000000000000000        0x0 /opt/st/stm32cubeide_1.8.0/plugins/com.st.stm32cube.ide.mcu.externaltools.gnu-tools-for-stm32.9-2020-q2-update.linux64_2.0.0.202105311346/tools/bin/../lib/gcc/arm-none-eabi/9.3.1/thumb/v7e-m+fp/hard/crti.o
 .data          0x0000000000000000        0x0 /opt/st/stm32cubeide_1.8.0/plugins/com.st.stm32cube.ide.mcu.externaltools.gnu-tools-for-stm32.9-2020-q2-update.linux64_2.0.0.202105311346/tools/bin/../lib/gcc/arm-none-eabi/9.3.1/thumb/v7e-m+fp/hard/crti.o
 .bss           0x0000000000000000        0x0 /opt/st/stm32cubeide_1.8.0/plugins/com.st.stm32cube.ide.mcu.externaltools.gnu-tools-for-stm32.9-2020-q2-update.linux64_2.0.0.202105311346/tools/bin/../lib/gcc/arm-none-eabi/9.3.1/thumb/v7e-m+fp/hard/crti.o
 .data          0x0000000000000000        0x4 /opt/st/stm32cubeide_1.8.0/plugins/com.st.stm32cube.ide.mcu.externaltools.gnu-tools-for-stm32.9-2020-q2-update.linux64_2.0.0.202105311346/tools/bin/../lib/gcc/arm-none-eabi/9.3.1/thumb/v7e-m+fp/hard/crtbegin.o
 .text          0x0000000000000000       0x7c /opt/st/stm32cubeide_1.8.0/plugins/com.st.stm32cube.ide.mcu.externaltools.gnu-tools-for-stm32.9-2020-q2-update.linux64_2.0.0.202105311346/tools/bin/../lib/gcc/arm-none-eabi/9.3.1/../../../../arm-none-eabi/lib/thumb/v7e-m+fp/hard/crt0.o
 .data          0x0000000000000000        0x0 /opt/st/stm32cubeide_1.8.0/plugins/com.st.stm32cube.ide.mcu.externaltools.gnu-tools-for-stm32.9-2020-q2-update.linux64_2.0.0.202105311346/tools/bin/../lib/gcc/arm-none-eabi/9.3.1/../../../../arm-none-eabi/lib/thumb/v7e-m+fp/hard/crt0.o
 .bss           0x0000000000000000        0x0 /opt/st/stm32cubeide_1.8.0/plugins/com.st.stm32cube.ide.mcu.externaltools.gnu-tools-for-stm32.9-2020-q2-update.linux64_2.0.0.202105311346/tools/bin/../lib/gcc/arm-none-eabi/9.3.1/../../../../arm-none-eabi/lib/thumb/v7e-m+fp/hard/crt0.o
[...]
Memory Configuration

Name             Origin             Length             Attributes
CCMRAM           0x0000000010000000 0x0000000000001000 xrw
RAM              0x0000000020000000 0x0000000000003000 xrw
FLASH            0x0000000008000000 0x0000000000010000 xr
*default*        0x0000000000000000 0xffffffffffffffff

Linker script and memory map

LOAD /opt/st/stm32cubeide_1.8.0/plugins/com.st.stm32cube.ide.mcu.externaltools.gnu-tools-for-stm32.9-2020-q2-update.linux64_2.0.0.202105311346/tools/bin/../lib/gcc/arm-none-eabi/9.3.1/thumb/v7e-m+fp/hard/crti.o
LOAD /opt/st/stm32cubeide_1.8.0/plugins/com.st.stm32cube.ide.mcu.externaltools.gnu-tools-for-stm32.9-2020-q2-update.linux64_2.0.0.202105311346/tools/bin/../lib/gcc/arm-none-eabi/9.3.1/thumb/v7e-m+fp/hard/crtbegin.o
LOAD /opt/st/stm32cubeide_1.8.0/plugins/com.st.stm32cube.ide.mcu.externaltools.gnu-tools-for-stm32.9-2020-q2-update.linux64_2.0.0.202105311346/tools/bin/../lib/gcc/arm-none-eabi/9.3.1/../../../../arm-none-eabi/lib/thumb/v7e-m+fp/hard/crt0.o
LOAD ./Core/Src/main.o
LOAD ./Core/Src/stm32f3xx_hal_msp.o
LOAD ./Core/Src/stm32f3xx_it.o
LOAD ./Core/Src/syscalls.o
LOAD ./Core/Src/sysmem.o
LOAD ./Core/Src/system_stm32f3xx.o
LOAD ./Core/Startup/startup_stm32f334k8tx.o
LOAD ./Drivers/STM32F3xx_HAL_Driver/Src/stm32f3xx_hal.o
LOAD ./Drivers/STM32F3xx_HAL_Driver/Src/stm32f3xx_hal_adc.o
LOAD ./Drivers/STM32F3xx_HAL_Driver/Src/stm32f3xx_hal_adc_ex.o
LOAD ./Drivers/STM32F3xx_HAL_Driver/Src/stm32f3xx_hal_cortex.o
LOAD ./Drivers/STM32F3xx_HAL_Driver/Src/stm32f3xx_hal_dma.o
LOAD ./Drivers/STM32F3xx_HAL_Driver/Src/stm32f3xx_hal_exti.o
LOAD ./Drivers/STM32F3xx_HAL_Driver/Src/stm32f3xx_hal_flash.o
LOAD ./Drivers/STM32F3xx_HAL_Driver/Src/stm32f3xx_hal_flash_ex.o
LOAD ./Drivers/STM32F3xx_HAL_Driver/Src/stm32f3xx_hal_gpio.o
LOAD ./Drivers/STM32F3xx_HAL_Driver/Src/stm32f3xx_hal_i2c.o
LOAD ./Drivers/STM32F3xx_HAL_Driver/Src/stm32f3xx_hal_i2c_ex.o
LOAD ./Drivers/STM32F3xx_HAL_Driver/Src/stm32f3xx_hal_pwr.o
LOAD ./Drivers/STM32F3xx_HAL_Driver/Src/stm32f3xx_hal_pwr_ex.o
LOAD ./Drivers/STM32F3xx_HAL_Driver/Src/stm32f3xx_hal_rcc.o
LOAD ./Drivers/STM32F3xx_HAL_Driver/Src/stm32f3xx_hal_rcc_ex.o
LOAD ./Drivers/STM32F3xx_HAL_Driver/Src/stm32f3xx_hal_tim.o
LOAD ./Drivers/STM32F3xx_HAL_Driver/Src/stm32f3xx_hal_tim_ex.o
LOAD ./Drivers/STM32F3xx_HAL_Driver/Src/stm32f3xx_hal_uart.o
LOAD ./Drivers/STM32F3xx_HAL_Driver/Src/stm32f3xx_hal_uart_ex.o
START GROUP
LOAD /opt/st/stm32cubeide_1.8.0/plugins/com.st.stm32cube.ide.mcu.externaltools.gnu-tools-for-stm32.9-2020-q2-update.linux64_2.0.0.202105311346/tools/bin/../lib/gcc/arm-none-eabi/9.3.1/../../../../arm-none-eabi/lib/thumb/v7e-m+fp/hard/libc_nano.a
LOAD /opt/st/stm32cubeide_1.8.0/plugins/com.st.stm32cube.ide.mcu.externaltools.gnu-tools-for-stm32.9-2020-q2-update.linux64_2.0.0.202105311346/tools/bin/../lib/gcc/arm-none-eabi/9.3.1/../../../../arm-none-eabi/lib/thumb/v7e-m+fp/hard/libm.a
END GROUP
START GROUP
LOAD /opt/st/stm32cubeide_1.8.0/plugins/com.st.stm32cube.ide.mcu.externaltools.gnu-tools-for-stm32.9-2020-q2-update.linux64_2.0.0.202105311346/tools/bin/../lib/gcc/arm-none-eabi/9.3.1/thumb/v7e-m+fp/hard/libgcc.a
LOAD /opt/st/stm32cubeide_1.8.0/plugins/com.st.stm32cube.ide.mcu.externaltools.gnu-tools-for-stm32.9-2020-q2-update.linux64_2.0.0.202105311346/tools/bin/../lib/gcc/arm-none-eabi/9.3.1/../../../../arm-none-eabi/lib/thumb/v7e-m+fp/hard/libc_nano.a
END GROUP
START GROUP
LOAD /opt/st/stm32cubeide_1.8.0/plugins/com.st.stm32cube.ide.mcu.externaltools.gnu-tools-for-stm32.9-2020-q2-update.linux64_2.0.0.202105311346/tools/bin/../lib/gcc/arm-none-eabi/9.3.1/thumb/v7e-m+fp/hard/libgcc.a
LOAD /opt/st/stm32cubeide_1.8.0/plugins/com.st.stm32cube.ide.mcu.externaltools.gnu-tools-for-stm32.9-2020-q2-update.linux64_2.0.0.202105311346/tools/bin/../lib/gcc/arm-none-eabi/9.3.1/../../../../arm-none-eabi/lib/thumb/v7e-m+fp/hard/libc_nano.a
LOAD /opt/st/stm32cubeide_1.8.0/plugins/com.st.stm32cube.ide.mcu.externaltools.gnu-tools-for-stm32.9-2020-q2-update.linux64_2.0.0.202105311346/tools/bin/../lib/gcc/arm-none-eabi/9.3.1/../../../../arm-none-eabi/lib/thumb/v7e-m+fp/hard/libnosys.a
END GROUP
START GROUP
LOAD /opt/st/stm32cubeide_1.8.0/plugins/com.st.stm32cube.ide.mcu.externaltools.gnu-tools-for-stm32.9-2020-q2-update.linux64_2.0.0.202105311346/tools/bin/../lib/gcc/arm-none-eabi/9.3.1/thumb/v7e-m+fp/hard/libgcc.a
LOAD /opt/st/stm32cubeide_1.8.0/plugins/com.st.stm32cube.ide.mcu.externaltools.gnu-tools-for-stm32.9-2020-q2-update.linux64_2.0.0.202105311346/tools/bin/../lib/gcc/arm-none-eabi/9.3.1/../../../../arm-none-eabi/lib/thumb/v7e-m+fp/hard/libc_nano.a
LOAD /opt/st/stm32cubeide_1.8.0/plugins/com.st.stm32cube.ide.mcu.externaltools.gnu-tools-for-stm32.9-2020-q2-update.linux64_2.0.0.202105311346/tools/bin/../lib/gcc/arm-none-eabi/9.3.1/../../../../arm-none-eabi/lib/thumb/v7e-m+fp/hard/libnosys.a
END GROUP
LOAD /opt/st/stm32cubeide_1.8.0/plugins/com.st.stm32cube.ide.mcu.externaltools.gnu-tools-for-stm32.9-2020-q2-update.linux64_2.0.0.202105311346/tools/bin/../lib/gcc/arm-none-eabi/9.3.1/thumb/v7e-m+fp/hard/crtend.o
LOAD /opt/st/stm32cubeide_1.8.0/plugins/com.st.stm32cube.ide.mcu.externaltools.gnu-tools-for-stm32.9-2020-q2-update.linux64_2.0.0.202105311346/tools/bin/../lib/gcc/arm-none-eabi/9.3.1/thumb/v7e-m+fp/hard/crtn.o
                0x0000000020003000                _estack = (ORIGIN (RAM) + LENGTH (RAM))
                0x0000000000000200                _Min_Heap_Size = 0x200
                0x0000000000000400                _Min_Stack_Size = 0x400

.isr_vector     0x0000000008000000      0x188
                0x0000000008000000                . = ALIGN (0x4)
 *(.isr_vector)
 .isr_vector    0x0000000008000000      0x188 ./Core/Startup/startup_stm32f334k8tx.o
                0x0000000008000000                g_pfnVectors
                0x0000000008000188                . = ALIGN (0x4)

.text           0x0000000008000188     0x3c40
                0x0000000008000188                . = ALIGN (0x4)
 *(.text)
 .text          0x0000000008000188       0x40 /opt/st/stm32cubeide_1.8.0/plugins/com.st.stm32cube.ide.mcu.externaltools.gnu-tools-for-stm32.9-2020-q2-update.linux64_2.0.0.202105311346/tools/bin/../lib/gcc/arm-none-eabi/9.3.1/thumb/v7e-m+fp/hard/crtbegin.o
 *(.text*)
 .text.main     0x00000000080001c8       0x44 ./Core/Src/main.o
                0x00000000080001c8                main
 .text.SystemClock_Config
                0x000000000800020c       0xb8 ./Core/Src/main.o
                0x000000000800020c                SystemClock_Config
 .text.MX_ADC2_Init
                0x00000000080002c4       0xbc ./Core/Src/main.o
 .text.MX_TIM3_Init
                0x0000000008000380       0xcc ./Core/Src/main.o
 .text.MX_USART1_UART_Init
                0x000000000800044c       0x60 ./Core/Src/main.o
 .text.MX_GPIO_Init
                0x00000000080004ac       0xfc ./Core/Src/main.o
 .text.Error_Handler
                0x00000000080005a8        0xa ./Core/Src/main.o
                0x00000000080005a8                Error_Handler
 *fill*         0x00000000080005b2        0x2 
 .text.HAL_MspInit
                0x00000000080005b4       0x48 ./Core/Src/stm32f3xx_hal_msp.o
                0x00000000080005b4                HAL_MspInit
 .text.HAL_ADC_MspInit
                0x00000000080005fc       0x7c ./Core/Src/stm32f3xx_hal_msp.o
                0x00000000080005fc                HAL_ADC_MspInit
 .text.HAL_TIM_PWM_MspInit
                0x0000000008000678       0x40 ./Core/Src/stm32f3xx_hal_msp.o
                0x0000000008000678                HAL_TIM_PWM_MspInit
 .text.HAL_TIM_MspPostInit
                0x00000000080006b8       0x70 ./Core/Src/stm32f3xx_hal_msp.o
                0x00000000080006b8                HAL_TIM_MspPostInit
 .text.HAL_UART_MspInit
                0x0000000008000728       0x88 ./Core/Src/stm32f3xx_hal_msp.o
                0x0000000008000728                HAL_UART_MspInit
 .text.NMI_Handler
                0x00000000080007b0        0x6 ./Core/Src/stm32f3xx_it.o
                0x00000000080007b0                NMI_Handler
 .text.HardFault_Handler
                0x00000000080007b6        0x6 ./Core/Src/stm32f3xx_it.o
                0x00000000080007b6                HardFault_Handler
 .text.MemManage_Handler
                0x00000000080007bc        0x6 ./Core/Src/stm32f3xx_it.o
                0x00000000080007bc                MemManage_Handler
 .text.BusFault_Handler
                0x00000000080007c2        0x6 ./Core/Src/stm32f3xx_it.o
                0x00000000080007c2                BusFault_Handler
 .text.UsageFault_Handler
                0x00000000080007c8        0x6 ./Core/Src/stm32f3xx_it.o
                0x00000000080007c8                UsageFault_Handler
 .text.SVC_Handler
                0x00000000080007ce        0xe ./Core/Src/stm32f3xx_it.o
                0x00000000080007ce                SVC_Handler
 .text.DebugMon_Handler
                0x00000000080007dc        0xe ./Core/Src/stm32f3xx_it.o
                0x00000000080007dc                DebugMon_Handler
 .text.PendSV_Handler
                0x00000000080007ea        0xe ./Core/Src/stm32f3xx_it.o
                0x00000000080007ea                PendSV_Handler
 .text.SysTick_Handler
                0x00000000080007f8        0xc ./Core/Src/stm32f3xx_it.o
                0x00000000080007f8                SysTick_Handler
 .text.SystemInit
                0x0000000008000804       0x24 ./Core/Src/system_stm32f3xx.o
                0x0000000008000804                SystemInit
 .text.Reset_Handler
                0x0000000008000828       0x50 ./Core/Startup/startup_stm32f334k8tx.o
                0x0000000008000828                Reset_Handler
 .text.Default_Handler
                0x0000000008000878        0x2 ./Core/Startup/startup_stm32f334k8tx.o
                0x0000000008000878                RTC_Alarm_IRQHandler
                0x0000000008000878                HRTIM1_Master_IRQHandler
                0x0000000008000878                TIM1_CC_IRQHandler
                0x0000000008000878                HRTIM1_FLT_IRQHandler
                0x0000000008000878                PVD_IRQHandler
                0x0000000008000878                HRTIM1_TIMD_IRQHandler
                0x0000000008000878                TAMP_STAMP_IRQHandler
                0x0000000008000878                EXTI3_IRQHandler
                0x0000000008000878                EXTI0_IRQHandler
                0x0000000008000878                FPU_IRQHandler
                0x0000000008000878                CAN_TX_IRQHandler
                0x0000000008000878                TIM1_UP_TIM16_IRQHandler
                0x0000000008000878                ADC1_2_IRQHandler
                0x0000000008000878                HRTIM1_TIME_IRQHandler
                0x0000000008000878                SPI1_IRQHandler
                0x0000000008000878                CAN_SCE_IRQHandler
                0x0000000008000878                HRTIM1_TIMC_IRQHandler
                0x0000000008000878                DMA1_Channel4_IRQHandler
                0x0000000008000878                USART3_IRQHandler
                0x0000000008000878                DMA1_Channel7_IRQHandler
                0x0000000008000878                TIM7_DAC2_IRQHandler
                0x0000000008000878                CAN_RX1_IRQHandler
                0x0000000008000878                I2C1_EV_IRQHandler
                0x0000000008000878                DMA1_Channel6_IRQHandler
                0x0000000008000878                TIM3_IRQHandler
                0x0000000008000878                RCC_IRQHandler
                0x0000000008000878                DMA1_Channel1_IRQHandler
                0x0000000008000878                Default_Handler
                0x0000000008000878                EXTI15_10_IRQHandler
                0x0000000008000878                COMP2_IRQHandler
                0x0000000008000878                HRTIM1_TIMA_IRQHandler
                0x0000000008000878                TIM6_DAC1_IRQHandler
                0x0000000008000878                EXTI9_5_IRQHandler
                0x0000000008000878                RTC_WKUP_IRQHandler
                0x0000000008000878                DMA1_Channel5_IRQHandler
                0x0000000008000878                EXTI4_IRQHandler
                0x0000000008000878                HRTIM1_TIMB_IRQHandler
                0x0000000008000878                TIM1_TRG_COM_TIM17_IRQHandler
                0x0000000008000878                DMA1_Channel3_IRQHandler
                0x0000000008000878                WWDG_IRQHandler
                0x0000000008000878                TIM2_IRQHandler
                0x0000000008000878                EXTI1_IRQHandler
                0x0000000008000878                COMP4_6_IRQHandler
                0x0000000008000878                USART2_IRQHandler
                0x0000000008000878                DMA1_Channel2_IRQHandler
                0x0000000008000878                FLASH_IRQHandler
                0x0000000008000878                USART1_IRQHandler
                0x0000000008000878                CAN_RX0_IRQHandler
                0x0000000008000878                I2C1_ER_IRQHandler
                0x0000000008000878                EXTI2_TSC_IRQHandler
                0x0000000008000878                TIM1_BRK_TIM15_IRQHandler
 *fill*         0x000000000800087a        0x2 
 .text.HAL_Init
                0x000000000800087c       0x2c ./Drivers/STM32F3xx_HAL_Driver/Src/stm32f3xx_hal.o
                0x000000000800087c                HAL_Init
 .text.HAL_InitTick
                0x00000000080008a8       0x60 ./Drivers/STM32F3xx_HAL_Driver/Src/stm32f3xx_hal.o
                0x00000000080008a8                HAL_InitTick
 .text.HAL_IncTick
                0x0000000008000908       0x28 ./Drivers/STM32F3xx_HAL_Driver/Src/stm32f3xx_hal.o
                0x0000000008000908                HAL_IncTick
 .text.HAL_GetTick
                0x0000000008000930       0x18 ./Drivers/STM32F3xx_HAL_Driver/Src/stm32f3xx_hal.o
                0x0000000008000930                HAL_GetTick
 .text.HAL_Delay
                0x0000000008000948       0x48 ./Drivers/STM32F3xx_HAL_Driver/Src/stm32f3xx_hal.o
                0x0000000008000948                HAL_Delay
 .text.HAL_ADC_Init
                0x0000000008000990      0x324 ./Drivers/STM32F3xx_HAL_Driver/Src/stm32f3xx_hal_adc_ex.o
                0x0000000008000990                HAL_ADC_Init
 .text.HAL_ADC_ConfigChannel
                0x0000000008000cb4      0x584 ./Drivers/STM32F3xx_HAL_Driver/Src/stm32f3xx_hal_adc_ex.o
                0x0000000008000cb4                HAL_ADC_ConfigChannel
 .text.ADC_Disable
                0x0000000008001238       0xcc ./Drivers/STM32F3xx_HAL_Driver/Src/stm32f3xx_hal_adc_ex.o
 .text.__NVIC_SetPriorityGrouping
                0x0000000008001304       0x48 ./Drivers/STM32F3xx_HAL_Driver/Src/stm32f3xx_hal_cortex.o
 .text.__NVIC_GetPriorityGrouping
                0x000000000800134c       0x1c ./Drivers/STM32F3xx_HAL_Driver/Src/stm32f3xx_hal_cortex.o
 .text.__NVIC_SetPriority
                0x0000000008001368       0x54 ./Drivers/STM32F3xx_HAL_Driver/Src/stm32f3xx_hal_cortex.o
 .text.NVIC_EncodePriority
                0x00000000080013bc       0x66 ./Drivers/STM32F3xx_HAL_Driver/Src/stm32f3xx_hal_cortex.o
 *fill*         0x0000000008001422        0x2 
 .text.SysTick_Config
                0x0000000008001424       0x44 ./Drivers/STM32F3xx_HAL_Driver/Src/stm32f3xx_hal_cortex.o
 .text.HAL_NVIC_SetPriorityGrouping
                0x0000000008001468       0x16 ./Drivers/STM32F3xx_HAL_Driver/Src/stm32f3xx_hal_cortex.o
                0x0000000008001468                HAL_NVIC_SetPriorityGrouping
 .text.HAL_NVIC_SetPriority
                0x000000000800147e       0x38 ./Drivers/STM32F3xx_HAL_Driver/Src/stm32f3xx_hal_cortex.o
                0x000000000800147e                HAL_NVIC_SetPriority
 .text.HAL_SYSTICK_Config
                0x00000000080014b6       0x18 ./Drivers/STM32F3xx_HAL_Driver/Src/stm32f3xx_hal_cortex.o
                0x00000000080014b6                HAL_SYSTICK_Config
 *fill*         0x00000000080014ce        0x2 
 .text.HAL_GPIO_Init
                0x00000000080014d0      0x2e4 ./Drivers/STM32F3xx_HAL_Driver/Src/stm32f3xx_hal_gpio.o
                0x00000000080014d0                HAL_GPIO_Init
 .text.HAL_GPIO_WritePin
                0x00000000080017b4       0x30 ./Drivers/STM32F3xx_HAL_Driver/Src/stm32f3xx_hal_gpio.o
                0x00000000080017b4                HAL_GPIO_WritePin
 .text.HAL_GPIO_TogglePin
                0x00000000080017e4       0x34 ./Drivers/STM32F3xx_HAL_Driver/Src/stm32f3xx_hal_gpio.o
                0x00000000080017e4                HAL_GPIO_TogglePin
 .text.HAL_RCC_OscConfig
                0x0000000008001818      0xe10 ./Drivers/STM32F3xx_HAL_Driver/Src/stm32f3xx_hal_rcc.o
                0x0000000008001818                HAL_RCC_OscConfig
 .text.HAL_RCC_ClockConfig
                0x0000000008002628      0x2f8 ./Drivers/STM32F3xx_HAL_Driver/Src/stm32f3xx_hal_rcc.o
                0x0000000008002628                HAL_RCC_ClockConfig
 .text.HAL_RCC_GetSysClockFreq
                0x0000000008002920       0xd4 ./Drivers/STM32F3xx_HAL_Driver/Src/stm32f3xx_hal_rcc.o
                0x0000000008002920                HAL_RCC_GetSysClockFreq
 .text.HAL_RCC_GetHCLKFreq
                0x00000000080029f4       0x18 ./Drivers/STM32F3xx_HAL_Driver/Src/stm32f3xx_hal_rcc.o
                0x00000000080029f4                HAL_RCC_GetHCLKFreq
 .text.HAL_RCC_GetPCLK1Freq
                0x0000000008002a0c       0x44 ./Drivers/STM32F3xx_HAL_Driver/Src/stm32f3xx_hal_rcc.o
                0x0000000008002a0c                HAL_RCC_GetPCLK1Freq
 .text.HAL_RCC_GetPCLK2Freq
                0x0000000008002a50       0x44 ./Drivers/STM32F3xx_HAL_Driver/Src/stm32f3xx_hal_rcc.o
                0x0000000008002a50                HAL_RCC_GetPCLK2Freq
 .text.HAL_RCCEx_PeriphCLKConfig
                0x0000000008002a94      0x26c ./Drivers/STM32F3xx_HAL_Driver/Src/stm32f3xx_hal_rcc_ex.o
                0x0000000008002a94                HAL_RCCEx_PeriphCLKConfig
 .text.HAL_TIM_PWM_Init
                0x0000000008002d00       0xae ./Drivers/STM32F3xx_HAL_Driver/Src/stm32f3xx_hal_tim.o
                0x0000000008002d00                HAL_TIM_PWM_Init
 *fill*         0x0000000008002dae        0x2 
 .text.HAL_TIM_PWM_ConfigChannel
                0x0000000008002db0      0x228 ./Drivers/STM32F3xx_HAL_Driver/Src/stm32f3xx_hal_tim.o
                0x0000000008002db0                HAL_TIM_PWM_ConfigChannel
 .text.TIM_Base_SetConfig
                0x0000000008002fd8       0xf0 ./Drivers/STM32F3xx_HAL_Driver/Src/stm32f3xx_hal_tim.o
                0x0000000008002fd8                TIM_Base_SetConfig
 .text.TIM_OC1_SetConfig
                0x00000000080030c8      0x10c ./Drivers/STM32F3xx_HAL_Driver/Src/stm32f3xx_hal_tim.o
 .text.TIM_OC2_SetConfig
                0x00000000080031d4      0x100 ./Drivers/STM32F3xx_HAL_Driver/Src/stm32f3xx_hal_tim.o
                0x00000000080031d4                TIM_OC2_SetConfig
 .text.TIM_OC3_SetConfig
                0x00000000080032d4       0xfc ./Drivers/STM32F3xx_HAL_Driver/Src/stm32f3xx_hal_tim.o
 .text.TIM_OC4_SetConfig
                0x00000000080033d0       0xc8 ./Drivers/STM32F3xx_HAL_Driver/Src/stm32f3xx_hal_tim.o
 .text.TIM_OC5_SetConfig
                0x0000000008003498       0xbc ./Drivers/STM32F3xx_HAL_Driver/Src/stm32f3xx_hal_tim.o
 .text.TIM_OC6_SetConfig
                0x0000000008003554       0xc0 ./Drivers/STM32F3xx_HAL_Driver/Src/stm32f3xx_hal_tim.o
 .text.HAL_TIMEx_MasterConfigSynchronization
                0x0000000008003614       0xdc ./Drivers/STM32F3xx_HAL_Driver/Src/stm32f3xx_hal_tim_ex.o
                0x0000000008003614                HAL_TIMEx_MasterConfigSynchronization
 .text.HAL_UART_Init
                0x00000000080036f0       0x9c ./Drivers/STM32F3xx_HAL_Driver/Src/stm32f3xx_hal_uart.o
                0x00000000080036f0                HAL_UART_Init
 .text.UART_SetConfig
                0x000000000800378c      0x26c ./Drivers/STM32F3xx_HAL_Driver/Src/stm32f3xx_hal_uart.o
                0x000000000800378c                UART_SetConfig
 .text.UART_AdvFeatureConfig
                0x00000000080039f8      0x144 ./Drivers/STM32F3xx_HAL_Driver/Src/stm32f3xx_hal_uart.o
                0x00000000080039f8                UART_AdvFeatureConfig
 .text.UART_CheckIdleState
                0x0000000008003b3c       0x92 ./Drivers/STM32F3xx_HAL_Driver/Src/stm32f3xx_hal_uart.o
                0x0000000008003b3c                UART_CheckIdleState
 .text.UART_WaitOnFlagUntilTimeout
                0x0000000008003bce      0x188 ./Drivers/STM32F3xx_HAL_Driver/Src/stm32f3xx_hal_uart.o
                0x0000000008003bce                UART_WaitOnFlagUntilTimeout
 *fill*         0x0000000008003d56        0x2 
 .text.__libc_init_array
                0x0000000008003d58       0x48 /opt/st/stm32cubeide_1.8.0/plugins/com.st.stm32cube.ide.mcu.externaltools.gnu-tools-for-stm32.9-2020-q2-update.linux64_2.0.0.202105311346/tools/bin/../lib/gcc/arm-none-eabi/9.3.1/../../../../arm-none-eabi/lib/thumb/v7e-m+fp/hard/libc_nano.a(lib_a-init.o)
                0x0000000008003d58                __libc_init_array
 .text.memset   0x0000000008003da0       0x10 /opt/st/stm32cubeide_1.8.0/plugins/com.st.stm32cube.ide.mcu.externaltools.gnu-tools-for-stm32.9-2020-q2-update.linux64_2.0.0.202105311346/tools/bin/../lib/gcc/arm-none-eabi/9.3.1/../../../../arm-none-eabi/lib/thumb/v7e-m+fp/hard/libc_nano.a(lib_a-memset.o)
                0x0000000008003da0                memset
 *(.glue_7)
 .glue_7        0x0000000008003db0        0x0 linker stubs
 *(.glue_7t)
 .glue_7t       0x0000000008003db0        0x0 linker stubs
 *(.eh_frame)
 .eh_frame      0x0000000008003db0        0x0 /opt/st/stm32cubeide_1.8.0/plugins/com.st.stm32cube.ide.mcu.externaltools.gnu-tools-for-stm32.9-2020-q2-update.linux64_2.0.0.202105311346/tools/bin/../lib/gcc/arm-none-eabi/9.3.1/thumb/v7e-m+fp/hard/crtbegin.o
 *(.init)
 .init          0x0000000008003db0        0x4 /opt/st/stm32cubeide_1.8.0/plugins/com.st.stm32cube.ide.mcu.externaltools.gnu-tools-for-stm32.9-2020-q2-update.linux64_2.0.0.202105311346/tools/bin/../lib/gcc/arm-none-eabi/9.3.1/thumb/v7e-m+fp/hard/crti.o
                0x0000000008003db0                _init
 .init          0x0000000008003db4        0x8 /opt/st/stm32cubeide_1.8.0/plugins/com.st.stm32cube.ide.mcu.externaltools.gnu-tools-for-stm32.9-2020-q2-update.linux64_2.0.0.202105311346/tools/bin/../lib/gcc/arm-none-eabi/9.3.1/thumb/v7e-m+fp/hard/crtn.o
 *(.fini)
 .fini          0x0000000008003dbc        0x4 /opt/st/stm32cubeide_1.8.0/plugins/com.st.stm32cube.ide.mcu.externaltools.gnu-tools-for-stm32.9-2020-q2-update.linux64_2.0.0.202105311346/tools/bin/../lib/gcc/arm-none-eabi/9.3.1/thumb/v7e-m+fp/hard/crti.o
                0x0000000008003dbc                _fini
 .fini          0x0000000008003dc0        0x8 /opt/st/stm32cubeide_1.8.0/plugins/com.st.stm32cube.ide.mcu.externaltools.gnu-tools-for-stm32.9-2020-q2-update.linux64_2.0.0.202105311346/tools/bin/../lib/gcc/arm-none-eabi/9.3.1/thumb/v7e-m+fp/hard/crtn.o
                0x0000000008003dc8                . = ALIGN (0x4)
                0x0000000008003dc8                _etext = .

.vfp11_veneer   0x0000000008003dc8        0x0
 .vfp11_veneer  0x0000000008003dc8        0x0 linker stubs

.v4_bx          0x0000000008003dc8        0x0
 .v4_bx         0x0000000008003dc8        0x0 linker stubs

.iplt           0x0000000008003dc8        0x0
 .iplt          0x0000000008003dc8        0x0 /opt/st/stm32cubeide_1.8.0/plugins/com.st.stm32cube.ide.mcu.externaltools.gnu-tools-for-stm32.9-2020-q2-update.linux64_2.0.0.202105311346/tools/bin/../lib/gcc/arm-none-eabi/9.3.1/thumb/v7e-m+fp/hard/crtbegin.o

.rodata         0x0000000008003dc8       0x38
                0x0000000008003dc8                . = ALIGN (0x4)
 *(.rodata)
 *(.rodata*)
 .rodata.AHBPrescTable
                0x0000000008003dc8       0x10 ./Core/Src/system_stm32f3xx.o
                0x0000000008003dc8                AHBPrescTable
 .rodata.APBPrescTable
                0x0000000008003dd8        0x8 ./Core/Src/system_stm32f3xx.o
                0x0000000008003dd8                APBPrescTable
 .rodata.aPLLMULFactorTable
                0x0000000008003de0       0x10 ./Drivers/STM32F3xx_HAL_Driver/Src/stm32f3xx_hal_rcc.o
                0x0000000008003de0                aPLLMULFactorTable
 .rodata.aPredivFactorTable
                0x0000000008003df0       0x10 ./Drivers/STM32F3xx_HAL_Driver/Src/stm32f3xx_hal_rcc.o
                0x0000000008003df0                aPredivFactorTable
                0x0000000008003e00                . = ALIGN (0x4)

.rel.dyn        0x0000000008003e00        0x0
 .rel.iplt      0x0000000008003e00        0x0 /opt/st/stm32cubeide_1.8.0/plugins/com.st.stm32cube.ide.mcu.externaltools.gnu-tools-for-stm32.9-2020-q2-update.linux64_2.0.0.202105311346/tools/bin/../lib/gcc/arm-none-eabi/9.3.1/thumb/v7e-m+fp/hard/crtbegin.o

.ARM.extab      0x0000000008003e00        0x0
                0x0000000008003e00                . = ALIGN (0x4)
 *(.ARM.extab* .gnu.linkonce.armextab.*)
                0x0000000008003e00                . = ALIGN (0x4)

.ARM            0x0000000008003e00        0x0
                0x0000000008003e00                . = ALIGN (0x4)
                0x0000000008003e00                __exidx_start = .
 *(.ARM.exidx*)
                0x0000000008003e00                __exidx_end = .
                0x0000000008003e00                . = ALIGN (0x4)

.preinit_array  0x0000000008003e00        0x0
                0x0000000008003e00                . = ALIGN (0x4)
                0x0000000008003e00                PROVIDE (__preinit_array_start = .)
 *(.preinit_array*)
                0x0000000008003e00                PROVIDE (__preinit_array_end = .)
                0x0000000008003e00                . = ALIGN (0x4)

.init_array     0x0000000008003e00        0x4
                0x0000000008003e00                . = ALIGN (0x4)
                0x0000000008003e00                PROVIDE (__init_array_start = .)
 *(SORT_BY_NAME(.init_array.*))
 *(.init_array*)
 .init_array    0x0000000008003e00        0x4 /opt/st/stm32cubeide_1.8.0/plugins/com.st.stm32cube.ide.mcu.externaltools.gnu-tools-for-stm32.9-2020-q2-update.linux64_2.0.0.202105311346/tools/bin/../lib/gcc/arm-none-eabi/9.3.1/thumb/v7e-m+fp/hard/crtbegin.o
                0x0000000008003e04                PROVIDE (__init_array_end = .)
                0x0000000008003e04                . = ALIGN (0x4)

.fini_array     0x0000000008003e04        0x4
                0x0000000008003e04                . = ALIGN (0x4)
                [!provide]                        PROVIDE (__fini_array_start = .)
 *(SORT_BY_NAME(.fini_array.*))
 *(.fini_array*)
 .fini_array    0x0000000008003e04        0x4 /opt/st/stm32cubeide_1.8.0/plugins/com.st.stm32cube.ide.mcu.externaltools.gnu-tools-for-stm32.9-2020-q2-update.linux64_2.0.0.202105311346/tools/bin/../lib/gcc/arm-none-eabi/9.3.1/thumb/v7e-m+fp/hard/crtbegin.o
                [!provide]                        PROVIDE (__fini_array_end = .)
                0x0000000008003e08                . = ALIGN (0x4)
                0x0000000008003e08                _sidata = LOADADDR (.data)

.data           0x0000000020000000        0xc load address 0x0000000008003e08
                0x0000000020000000                . = ALIGN (0x4)
                0x0000000020000000                _sdata = .
 *(.data)
 *(.data*)
 .data.SystemCoreClock
                0x0000000020000000        0x4 ./Core/Src/system_stm32f3xx.o
                0x0000000020000000                SystemCoreClock
 .data.uwTickPrio
                0x0000000020000004        0x4 ./Drivers/STM32F3xx_HAL_Driver/Src/stm32f3xx_hal.o
                0x0000000020000004                uwTickPrio
 .data.uwTickFreq
                0x0000000020000008        0x1 ./Drivers/STM32F3xx_HAL_Driver/Src/stm32f3xx_hal.o
                0x0000000020000008                uwTickFreq
 *(.RamFunc)
 *(.RamFunc*)
                0x000000002000000c                . = ALIGN (0x4)
 *fill*         0x0000000020000009        0x3 
                0x000000002000000c                _edata = .
                0x0000000008003e14                _siccmram = LOADADDR (.ccmram)

.igot.plt       0x000000002000000c        0x0 load address 0x0000000008003e14
 .igot.plt      0x000000002000000c        0x0 /opt/st/stm32cubeide_1.8.0/plugins/com.st.stm32cube.ide.mcu.externaltools.gnu-tools-for-stm32.9-2020-q2-update.linux64_2.0.0.202105311346/tools/bin/../lib/gcc/arm-none-eabi/9.3.1/thumb/v7e-m+fp/hard/crtbegin.o

.ccmram         0x0000000010000000        0x0 load address 0x0000000008003e14
                0x0000000010000000                . = ALIGN (0x4)
                0x0000000010000000                _sccmram = .
 *(.ccmram)
 *(.ccmram*)
                0x0000000010000000                . = ALIGN (0x4)
                0x0000000010000000                _eccmram = .
                0x0000000010000000                . = ALIGN (0x4)

.bss            0x000000002000000c      0x140
                0x000000002000000c                _sbss = .
                0x000000002000000c                __bss_start__ = _sbss
 *(.bss)
 .bss           0x000000002000000c       0x1c /opt/st/stm32cubeide_1.8.0/plugins/com.st.stm32cube.ide.mcu.externaltools.gnu-tools-for-stm32.9-2020-q2-update.linux64_2.0.0.202105311346/tools/bin/../lib/gcc/arm-none-eabi/9.3.1/thumb/v7e-m+fp/hard/crtbegin.o
 *(.bss*)
 *(COMMON)
 COMMON         0x0000000020000028      0x120 ./Core/Src/main.o
                0x0000000020000028                hadc2
                0x0000000020000078                htim3
                0x00000000200000c4                huart1
 COMMON         0x0000000020000148        0x4 ./Drivers/STM32F3xx_HAL_Driver/Src/stm32f3xx_hal.o
                0x0000000020000148                uwTick
                0x000000002000014c                . = ALIGN (0x4)
                0x000000002000014c                _ebss = .
                0x000000002000014c                __bss_end__ = _ebss

._user_heap_stack
                0x000000002000014c      0x604
                0x0000000020000150                . = ALIGN (0x8)
 *fill*         0x000000002000014c        0x4 
                [!provide]                        PROVIDE (end = .)
                0x0000000020000150                PROVIDE (_end = .)
                0x0000000020000350                . = (. + _Min_Heap_Size)
 *fill*         0x0000000020000150      0x200 
                0x0000000020000750                . = (. + _Min_Stack_Size)
 *fill*         0x0000000020000350      0x400 
                0x0000000020000750                . = ALIGN (0x8)

/DISCARD/
 libc.a(*)
 libm.a(*)
 libgcc.a(*)

.ARM.attributes
                0x0000000000000000       0x30
 *(.ARM.attributes)
 .ARM.attributes
                0x0000000000000000       0x1e /opt/st/stm32cubeide_1.8.0/plugins/com.st.stm32cube.ide.mcu.externaltools.gnu-tools-for-stm32.9-2020-q2-update.linux64_2.0.0.202105311346/tools/bin/../lib/gcc/arm-none-eabi/9.3.1/thumb/v7e-m+fp/hard/crti.o
 .ARM.attributes
                0x000000000000001e       0x34 /opt/st/stm32cubeide_1.8.0/plugins/com.st.stm32cube.ide.mcu.externaltools.gnu-tools-for-stm32.9-2020-q2-update.linux64_2.0.0.202105311346/tools/bin/../lib/gcc/arm-none-eabi/9.3.1/thumb/v7e-m+fp/hard/crtbegin.o
 .ARM.attributes
                0x0000000000000052       0x34 ./Core/Src/main.o
 .ARM.attributes
                0x0000000000000086       0x34 ./Core/Src/stm32f3xx_hal_msp.o
 .ARM.attributes
                0x00000000000000ba       0x34 ./Core/Src/stm32f3xx_it.o
 .ARM.attributes
                0x00000000000000ee       0x34 ./Core/Src/system_stm32f3xx.o
 .ARM.attributes
                0x0000000000000122       0x21 ./Core/Startup/startup_stm32f334k8tx.o
 .ARM.attributes
                0x0000000000000143       0x34 ./Drivers/STM32F3xx_HAL_Driver/Src/stm32f3xx_hal.o
 .ARM.attributes
                0x0000000000000177       0x34 ./Drivers/STM32F3xx_HAL_Driver/Src/stm32f3xx_hal_adc_ex.o
 .ARM.attributes
                0x00000000000001ab       0x34 ./Drivers/STM32F3xx_HAL_Driver/Src/stm32f3xx_hal_cortex.o
 .ARM.attributes
                0x00000000000001df       0x34 ./Drivers/STM32F3xx_HAL_Driver/Src/stm32f3xx_hal_gpio.o
 .ARM.attributes
                0x0000000000000213       0x34 ./Drivers/STM32F3xx_HAL_Driver/Src/stm32f3xx_hal_rcc.o
 .ARM.attributes
                0x0000000000000247       0x34 ./Drivers/STM32F3xx_HAL_Driver/Src/stm32f3xx_hal_rcc_ex.o
 .ARM.attributes
                0x000000000000027b       0x34 ./Drivers/STM32F3xx_HAL_Driver/Src/stm32f3xx_hal_tim.o
 .ARM.attributes
                0x00000000000002af       0x34 ./Drivers/STM32F3xx_HAL_Driver/Src/stm32f3xx_hal_tim_ex.o
 .ARM.attributes
                0x00000000000002e3       0x34 ./Drivers/STM32F3xx_HAL_Driver/Src/stm32f3xx_hal_uart.o
 .ARM.attributes
                0x0000000000000317       0x34 /opt/st/stm32cubeide_1.8.0/plugins/com.st.stm32cube.ide.mcu.externaltools.gnu-tools-for-stm32.9-2020-q2-update.linux64_2.0.0.202105311346/tools/bin/../lib/gcc/arm-none-eabi/9.3.1/../../../../arm-none-eabi/lib/thumb/v7e-m+fp/hard/libc_nano.a(lib_a-init.o)
 .ARM.attributes
                0x000000000000034b       0x34 /opt/st/stm32cubeide_1.8.0/plugins/com.st.stm32cube.ide.mcu.externaltools.gnu-tools-for-stm32.9-2020-q2-update.linux64_2.0.0.202105311346/tools/bin/../lib/gcc/arm-none-eabi/9.3.1/../../../../arm-none-eabi/lib/thumb/v7e-m+fp/hard/libc_nano.a(lib_a-memset.o)
 .ARM.attributes
                0x000000000000037f       0x1e /opt/st/stm32cubeide_1.8.0/plugins/com.st.stm32cube.ide.mcu.externaltools.gnu-tools-for-stm32.9-2020-q2-update.linux64_2.0.0.202105311346/tools/bin/../lib/gcc/arm-none-eabi/9.3.1/thumb/v7e-m+fp/hard/crtn.o
OUTPUT(stm32f334k8t6_test.elf elf32-littlearm)
LOAD linker stubs
LOAD /opt/st/stm32cubeide_1.8.0/plugins/com.st.stm32cube.ide.mcu.externaltools.gnu-tools-for-stm32.9-2020-q2-update.linux64_2.0.0.202105311346/tools/bin/../lib/gcc/arm-none-eabi/9.3.1/../../../../arm-none-eabi/lib/thumb/v7e-m+fp/hard/libc.a
LOAD /opt/st/stm32cubeide_1.8.0/plugins/com.st.stm32cube.ide.mcu.externaltools.gnu-tools-for-stm32.9-2020-q2-update.linux64_2.0.0.202105311346/tools/bin/../lib/gcc/arm-none-eabi/9.3.1/../../../../arm-none-eabi/lib/thumb/v7e-m+fp/hard/libm.a
LOAD /opt/st/stm32cubeide_1.8.0/plugins/com.st.stm32cube.ide.mcu.externaltools.gnu-tools-for-stm32.9-2020-q2-update.linux64_2.0.0.202105311346/tools/bin/../lib/gcc/arm-none-eabi/9.3.1/thumb/v7e-m+fp/hard/libgcc.a

.debug_info     0x0000000000000000     0xfada
 .debug_info    0x0000000000000000     0x14c2 ./Core/Src/main.o
 .debug_info    0x00000000000014c2     0x124e ./Core/Src/stm32f3xx_hal_msp.o
 .debug_info    0x0000000000002710      0x225 ./Core/Src/stm32f3xx_it.o
 .debug_info    0x0000000000002935      0x49a ./Core/Src/system_stm32f3xx.o
 .debug_info    0x0000000000002dcf       0x22 ./Core/Startup/startup_stm32f334k8tx.o
 .debug_info    0x0000000000002df1      0x7dd ./Drivers/STM32F3xx_HAL_Driver/Src/stm32f3xx_hal.o
 .debug_info    0x00000000000035ce     0x16c7 ./Drivers/STM32F3xx_HAL_Driver/Src/stm32f3xx_hal_adc_ex.o
 .debug_info    0x0000000000004c95      0xc09 ./Drivers/STM32F3xx_HAL_Driver/Src/stm32f3xx_hal_cortex.o
 .debug_info    0x000000000000589e      0x83d ./Drivers/STM32F3xx_HAL_Driver/Src/stm32f3xx_hal_gpio.o
 .debug_info    0x00000000000060db     0x15b5 ./Drivers/STM32F3xx_HAL_Driver/Src/stm32f3xx_hal_rcc.o
 .debug_info    0x0000000000007690      0x61d ./Drivers/STM32F3xx_HAL_Driver/Src/stm32f3xx_hal_rcc_ex.o
 .debug_info    0x0000000000007cad     0x2cf6 ./Drivers/STM32F3xx_HAL_Driver/Src/stm32f3xx_hal_tim.o
 .debug_info    0x000000000000a9a3     0x163e ./Drivers/STM32F3xx_HAL_Driver/Src/stm32f3xx_hal_tim_ex.o
 .debug_info    0x000000000000bfe1     0x3af9 ./Drivers/STM32F3xx_HAL_Driver/Src/stm32f3xx_hal_uart.o

.debug_abbrev   0x0000000000000000     0x1c03
 .debug_abbrev  0x0000000000000000      0x25e ./Core/Src/main.o
 .debug_abbrev  0x000000000000025e      0x1db ./Core/Src/stm32f3xx_hal_msp.o
 .debug_abbrev  0x0000000000000439       0xd2 ./Core/Src/stm32f3xx_it.o
 .debug_abbrev  0x000000000000050b      0x145 ./Core/Src/system_stm32f3xx.o
 .debug_abbrev  0x0000000000000650       0x12 ./Core/Startup/startup_stm32f334k8tx.o
 .debug_abbrev  0x0000000000000662      0x1ed ./Drivers/STM32F3xx_HAL_Driver/Src/stm32f3xx_hal.o
 .debug_abbrev  0x000000000000084f      0x253 ./Drivers/STM32F3xx_HAL_Driver/Src/stm32f3xx_hal_adc_ex.o
 .debug_abbrev  0x0000000000000aa2      0x313 ./Drivers/STM32F3xx_HAL_Driver/Src/stm32f3xx_hal_cortex.o
 .debug_abbrev  0x0000000000000db5      0x1e8 ./Drivers/STM32F3xx_HAL_Driver/Src/stm32f3xx_hal_gpio.o
 .debug_abbrev  0x0000000000000f9d      0x2c4 ./Drivers/STM32F3xx_HAL_Driver/Src/stm32f3xx_hal_rcc.o
 .debug_abbrev  0x0000000000001261      0x22b ./Drivers/STM32F3xx_HAL_Driver/Src/stm32f3xx_hal_rcc_ex.o
 .debug_abbrev  0x000000000000148c      0x25e ./Drivers/STM32F3xx_HAL_Driver/Src/stm32f3xx_hal_tim.o
 .debug_abbrev  0x00000000000016ea      0x266 ./Drivers/STM32F3xx_HAL_Driver/Src/stm32f3xx_hal_tim_ex.o
 .debug_abbrev  0x0000000000001950      0x2b3 ./Drivers/STM32F3xx_HAL_Driver/Src/stm32f3xx_hal_uart.o

.debug_aranges  0x0000000000000000      0xd38
 .debug_aranges
                0x0000000000000000       0x50 ./Core/Src/main.o
 .debug_aranges
                0x0000000000000050       0x58 ./Core/Src/stm32f3xx_hal_msp.o
 .debug_aranges
                0x00000000000000a8       0x60 ./Core/Src/stm32f3xx_it.o
 .debug_aranges
                0x0000000000000108       0x28 ./Core/Src/system_stm32f3xx.o
 .debug_aranges
                0x0000000000000130       0x28 ./Core/Startup/startup_stm32f334k8tx.o
 .debug_aranges
                0x0000000000000158       0xe0 ./Drivers/STM32F3xx_HAL_Driver/Src/stm32f3xx_hal.o
 .debug_aranges
                0x0000000000000238      0x168 ./Drivers/STM32F3xx_HAL_Driver/Src/stm32f3xx_hal_adc_ex.o
 .debug_aranges
                0x00000000000003a0      0x100 ./Drivers/STM32F3xx_HAL_Driver/Src/stm32f3xx_hal_cortex.o
 .debug_aranges
                0x00000000000004a0       0x58 ./Drivers/STM32F3xx_HAL_Driver/Src/stm32f3xx_hal_gpio.o
 .debug_aranges
                0x00000000000004f8       0x88 ./Drivers/STM32F3xx_HAL_Driver/Src/stm32f3xx_hal_rcc.o
 .debug_aranges
                0x0000000000000580       0x38 ./Drivers/STM32F3xx_HAL_Driver/Src/stm32f3xx_hal_rcc_ex.o
 .debug_aranges
                0x00000000000005b8      0x3e0 ./Drivers/STM32F3xx_HAL_Driver/Src/stm32f3xx_hal_tim.o
 .debug_aranges
                0x0000000000000998      0x178 ./Drivers/STM32F3xx_HAL_Driver/Src/stm32f3xx_hal_tim_ex.o
 .debug_aranges
                0x0000000000000b10      0x228 ./Drivers/STM32F3xx_HAL_Driver/Src/stm32f3xx_hal_uart.o

.debug_ranges   0x0000000000000000      0xc90
 .debug_ranges  0x0000000000000000       0x40 ./Core/Src/main.o
 .debug_ranges  0x0000000000000040       0x48 ./Core/Src/stm32f3xx_hal_msp.o
 .debug_ranges  0x0000000000000088       0x50 ./Core/Src/stm32f3xx_it.o
 .debug_ranges  0x00000000000000d8       0x18 ./Core/Src/system_stm32f3xx.o
 .debug_ranges  0x00000000000000f0       0x20 ./Core/Startup/startup_stm32f334k8tx.o
 .debug_ranges  0x0000000000000110       0xd0 ./Drivers/STM32F3xx_HAL_Driver/Src/stm32f3xx_hal.o
 .debug_ranges  0x00000000000001e0      0x158 ./Drivers/STM32F3xx_HAL_Driver/Src/stm32f3xx_hal_adc_ex.o
 .debug_ranges  0x0000000000000338       0xf0 ./Drivers/STM32F3xx_HAL_Driver/Src/stm32f3xx_hal_cortex.o
 .debug_ranges  0x0000000000000428       0x48 ./Drivers/STM32F3xx_HAL_Driver/Src/stm32f3xx_hal_gpio.o
 .debug_ranges  0x0000000000000470       0x78 ./Drivers/STM32F3xx_HAL_Driver/Src/stm32f3xx_hal_rcc.o
 .debug_ranges  0x00000000000004e8       0x28 ./Drivers/STM32F3xx_HAL_Driver/Src/stm32f3xx_hal_rcc_ex.o
 .debug_ranges  0x0000000000000510      0x3d0 ./Drivers/STM32F3xx_HAL_Driver/Src/stm32f3xx_hal_tim.o
 .debug_ranges  0x00000000000008e0      0x168 ./Drivers/STM32F3xx_HAL_Driver/Src/stm32f3xx_hal_tim_ex.o
 .debug_ranges  0x0000000000000a48      0x248 ./Drivers/STM32F3xx_HAL_Driver/Src/stm32f3xx_hal_uart.o

.debug_macro    0x0000000000000000    0x200f5
 .debug_macro   0x0000000000000000      0x1ee ./Core/Src/main.o
 .debug_macro   0x00000000000001ee      0xaa8 ./Core/Src/main.o
 .debug_macro   0x0000000000000c96      0x15d ./Core/Src/main.o
 .debug_macro   0x0000000000000df3       0x2e ./Core/Src/main.o
 .debug_macro   0x0000000000000e21       0x28 ./Core/Src/main.o
 .debug_macro   0x0000000000000e49       0x22 ./Core/Src/main.o
 .debug_macro   0x0000000000000e6b       0x8e ./Core/Src/main.o
 .debug_macro   0x0000000000000ef9       0x51 ./Core/Src/main.o
 .debug_macro   0x0000000000000f4a      0x103 ./Core/Src/main.o
 .debug_macro   0x000000000000104d       0x6a ./Core/Src/main.o
 .debug_macro   0x00000000000010b7      0x1df ./Core/Src/main.o
 .debug_macro   0x0000000000001296       0x1c ./Core/Src/main.o
 .debug_macro   0x00000000000012b2       0x22 ./Core/Src/main.o
 .debug_macro   0x00000000000012d4       0xdf ./Core/Src/main.o
 .debug_macro   0x00000000000013b3      0xf07 ./Core/Src/main.o
 .debug_macro   0x00000000000022ba    0x1585b ./Core/Src/main.o
 .debug_macro   0x0000000000017b15       0x6d ./Core/Src/main.o
 .debug_macro   0x0000000000017b82     0x3540 ./Core/Src/main.o
 .debug_macro   0x000000000001b0c2      0x174 ./Core/Src/main.o
 .debug_macro   0x000000000001b236       0x55 ./Core/Src/main.o
 .debug_macro   0x000000000001b28b      0x8f9 ./Core/Src/main.o
 .debug_macro   0x000000000001bb84      0x358 ./Core/Src/main.o
 .debug_macro   0x000000000001bedc      0x1b6 ./Core/Src/main.o
 .debug_macro   0x000000000001c092      0x130 ./Core/Src/main.o
 .debug_macro   0x000000000001c1c2      0x1d5 ./Core/Src/main.o
 .debug_macro   0x000000000001c397      0x1bc ./Core/Src/main.o
 .debug_macro   0x000000000001c553       0x34 ./Core/Src/main.o
 .debug_macro   0x000000000001c587       0x3c ./Core/Src/main.o
 .debug_macro   0x000000000001c5c3       0x57 ./Core/Src/main.o
 .debug_macro   0x000000000001c61a      0x845 ./Core/Src/main.o
 .debug_macro   0x000000000001ce5f       0x77 ./Core/Src/main.o
 .debug_macro   0x000000000001ced6       0xc5 ./Core/Src/main.o
 .debug_macro   0x000000000001cf9b      0x19f ./Core/Src/main.o
 .debug_macro   0x000000000001d13a      0x22c ./Core/Src/main.o
 .debug_macro   0x000000000001d366       0x5b ./Core/Src/main.o
 .debug_macro   0x000000000001d3c1       0xa5 ./Core/Src/main.o
 .debug_macro   0x000000000001d466       0x81 ./Core/Src/main.o
 .debug_macro   0x000000000001d4e7       0xd3 ./Core/Src/main.o
 .debug_macro   0x000000000001d5ba      0xa3d ./Core/Src/main.o
 .debug_macro   0x000000000001dff7       0x59 ./Core/Src/main.o
 .debug_macro   0x000000000001e050      0x5a5 ./Core/Src/main.o
 .debug_macro   0x000000000001e5f5       0x44 ./Core/Src/main.o
 .debug_macro   0x000000000001e639      0x2a1 ./Core/Src/main.o
 .debug_macro   0x000000000001e8da       0xe8 ./Core/Src/main.o
 .debug_macro   0x000000000001e9c2      0x1ee ./Core/Src/stm32f3xx_hal_msp.o
 .debug_macro   0x000000000001ebb0      0x1f8 ./Core/Src/stm32f3xx_it.o
 .debug_macro   0x000000000001eda8      0x1df ./Core/Src/system_stm32f3xx.o
 .debug_macro   0x000000000001ef87      0x203 ./Drivers/STM32F3xx_HAL_Driver/Src/stm32f3xx_hal.o
 .debug_macro   0x000000000001f18a      0x209 ./Drivers/STM32F3xx_HAL_Driver/Src/stm32f3xx_hal_adc_ex.o
 .debug_macro   0x000000000001f393      0x1df ./Drivers/STM32F3xx_HAL_Driver/Src/stm32f3xx_hal_cortex.o
 .debug_macro   0x000000000001f572      0x1e6 ./Drivers/STM32F3xx_HAL_Driver/Src/stm32f3xx_hal_gpio.o
 .debug_macro   0x000000000001f758      0x203 ./Drivers/STM32F3xx_HAL_Driver/Src/stm32f3xx_hal_rcc.o
 .debug_macro   0x000000000001f95b      0x1df ./Drivers/STM32F3xx_HAL_Driver/Src/stm32f3xx_hal_rcc_ex.o
 .debug_macro   0x000000000001fb3a      0x1e0 ./Drivers/STM32F3xx_HAL_Driver/Src/stm32f3xx_hal_tim.o
 .debug_macro   0x000000000001fd1a      0x1df ./Drivers/STM32F3xx_HAL_Driver/Src/stm32f3xx_hal_tim_ex.o
 .debug_macro   0x000000000001fef9      0x1fc ./Drivers/STM32F3xx_HAL_Driver/Src/stm32f3xx_hal_uart.o

.debug_line     0x0000000000000000    0x1056e
 .debug_line    0x0000000000000000      0x8da ./Core/Src/main.o
 .debug_line    0x00000000000008da      0x7eb ./Core/Src/stm32f3xx_hal_msp.o
 .debug_line    0x00000000000010c5      0x7b2 ./Core/Src/stm32f3xx_it.o
 .debug_line    0x0000000000001877      0x766 ./Core/Src/system_stm32f3xx.o
 .debug_line    0x0000000000001fdd       0x88 ./Core/Startup/startup_stm32f334k8tx.o
 .debug_line    0x0000000000002065      0x99b ./Drivers/STM32F3xx_HAL_Driver/Src/stm32f3xx_hal.o
 .debug_line    0x0000000000002a00     0x208a ./Drivers/STM32F3xx_HAL_Driver/Src/stm32f3xx_hal_adc_ex.o
 .debug_line    0x0000000000004a8a      0xb83 ./Drivers/STM32F3xx_HAL_Driver/Src/stm32f3xx_hal_cortex.o
 .debug_line    0x000000000000560d      0xae8 ./Drivers/STM32F3xx_HAL_Driver/Src/stm32f3xx_hal_gpio.o
 .debug_line    0x00000000000060f5     0x1375 ./Drivers/STM32F3xx_HAL_Driver/Src/stm32f3xx_hal_rcc.o
 .debug_line    0x000000000000746a      0xa87 ./Drivers/STM32F3xx_HAL_Driver/Src/stm32f3xx_hal_rcc_ex.o
 .debug_line    0x0000000000007ef1     0x3bc0 ./Drivers/STM32F3xx_HAL_Driver/Src/stm32f3xx_hal_tim.o
 .debug_line    0x000000000000bab1     0x1a0e ./Drivers/STM32F3xx_HAL_Driver/Src/stm32f3xx_hal_tim_ex.o
 .debug_line    0x000000000000d4bf     0x30af ./Drivers/STM32F3xx_HAL_Driver/Src/stm32f3xx_hal_uart.o

.debug_str      0x0000000000000000    0xc65fb
 .debug_str     0x0000000000000000    0xc31e4 ./Core/Src/main.o
                                      0xc35c9 (size before relaxing)
 .debug_str     0x00000000000c31e4       0xc9 ./Core/Src/stm32f3xx_hal_msp.o
                                      0xc32e5 (size before relaxing)
 .debug_str     0x00000000000c32ad       0xbd ./Core/Src/stm32f3xx_it.o
                                      0xc28ad (size before relaxing)
 .debug_str     0x00000000000c336a       0xb3 ./Core/Src/system_stm32f3xx.o
                                      0xc25a9 (size before relaxing)
 .debug_str     0x00000000000c341d       0x36 ./Core/Startup/startup_stm32f334k8tx.o
                                         0x78 (size before relaxing)
 .debug_str     0x00000000000c3453      0x5ab ./Drivers/STM32F3xx_HAL_Driver/Src/stm32f3xx_hal.o
                                      0xc2c6f (size before relaxing)
 .debug_str     0x00000000000c39fe      0x85b ./Drivers/STM32F3xx_HAL_Driver/Src/stm32f3xx_hal_adc_ex.o
                                      0xc3201 (size before relaxing)
 .debug_str     0x00000000000c4259      0x284 ./Drivers/STM32F3xx_HAL_Driver/Src/stm32f3xx_hal_cortex.o
                                      0xc2c50 (size before relaxing)
 .debug_str     0x00000000000c44dd      0x195 ./Drivers/STM32F3xx_HAL_Driver/Src/stm32f3xx_hal_gpio.o
                                      0xc27c6 (size before relaxing)
 .debug_str     0x00000000000c4672      0x2f7 ./Drivers/STM32F3xx_HAL_Driver/Src/stm32f3xx_hal_rcc.o
                                      0xc2a17 (size before relaxing)
 .debug_str     0x00000000000c4969       0xd8 ./Drivers/STM32F3xx_HAL_Driver/Src/stm32f3xx_hal_rcc_ex.o
                                      0xc2740 (size before relaxing)
 .debug_str     0x00000000000c4a41      0xded ./Drivers/STM32F3xx_HAL_Driver/Src/stm32f3xx_hal_tim.o
                                      0xc396c (size before relaxing)
 .debug_str     0x00000000000c582e      0x550 ./Drivers/STM32F3xx_HAL_Driver/Src/stm32f3xx_hal_tim_ex.o
                                      0xc3170 (size before relaxing)
 .debug_str     0x00000000000c5d7e      0x87d ./Drivers/STM32F3xx_HAL_Driver/Src/stm32f3xx_hal_uart.o
                                      0xc3227 (size before relaxing)

.comment        0x0000000000000000       0x53
 .comment       0x0000000000000000       0x53 ./Core/Src/main.o
                                         0x54 (size before relaxing)
 .comment       0x0000000000000053       0x54 ./Core/Src/stm32f3xx_hal_msp.o
 .comment       0x0000000000000053       0x54 ./Core/Src/stm32f3xx_it.o
 .comment       0x0000000000000053       0x54 ./Core/Src/system_stm32f3xx.o
 .comment       0x0000000000000053       0x54 ./Drivers/STM32F3xx_HAL_Driver/Src/stm32f3xx_hal.o
 .comment       0x0000000000000053       0x54 ./Drivers/STM32F3xx_HAL_Driver/Src/stm32f3xx_hal_adc_ex.o
 .comment       0x0000000000000053       0x54 ./Drivers/STM32F3xx_HAL_Driver/Src/stm32f3xx_hal_cortex.o
 .comment       0x0000000000000053       0x54 ./Drivers/STM32F3xx_HAL_Driver/Src/stm32f3xx_hal_gpio.o
 .comment       0x0000000000000053       0x54 ./Drivers/STM32F3xx_HAL_Driver/Src/stm32f3xx_hal_rcc.o
 .comment       0x0000000000000053       0x54 ./Drivers/STM32F3xx_HAL_Driver/Src/stm32f3xx_hal_rcc_ex.o
 .comment       0x0000000000000053       0x54 ./Drivers/STM32F3xx_HAL_Driver/Src/stm32f3xx_hal_tim.o
 .comment       0x0000000000000053       0x54 ./Drivers/STM32F3xx_HAL_Driver/Src/stm32f3xx_hal_tim_ex.o
 .comment       0x0000000000000053       0x54 ./Drivers/STM32F3xx_HAL_Driver/Src/stm32f3xx_hal_uart.o

.debug_frame    0x0000000000000000     0x3808
 .debug_frame   0x0000000000000000       0xf0 ./Core/Src/main.o
 .debug_frame   0x00000000000000f0      0x13c ./Core/Src/stm32f3xx_hal_msp.o
 .debug_frame   0x000000000000022c      0x104 ./Core/Src/stm32f3xx_it.o
 .debug_frame   0x0000000000000330       0x58 ./Core/Src/system_stm32f3xx.o
 .debug_frame   0x0000000000000388      0x334 ./Drivers/STM32F3xx_HAL_Driver/Src/stm32f3xx_hal.o
 .debug_frame   0x00000000000006bc      0x638 ./Drivers/STM32F3xx_HAL_Driver/Src/stm32f3xx_hal_adc_ex.o
 .debug_frame   0x0000000000000cf4      0x428 ./Drivers/STM32F3xx_HAL_Driver/Src/stm32f3xx_hal_cortex.o
 .debug_frame   0x000000000000111c      0x14c ./Drivers/STM32F3xx_HAL_Driver/Src/stm32f3xx_hal_gpio.o
 .debug_frame   0x0000000000001268      0x214 ./Drivers/STM32F3xx_HAL_Driver/Src/stm32f3xx_hal_rcc.o
 .debug_frame   0x000000000000147c       0xb4 ./Drivers/STM32F3xx_HAL_Driver/Src/stm32f3xx_hal_rcc_ex.o
 .debug_frame   0x0000000000001530     0x121c ./Drivers/STM32F3xx_HAL_Driver/Src/stm32f3xx_hal_tim.o
 .debug_frame   0x000000000000274c      0x688 ./Drivers/STM32F3xx_HAL_Driver/Src/stm32f3xx_hal_tim_ex.o
 .debug_frame   0x0000000000002dd4      0x9e8 ./Drivers/STM32F3xx_HAL_Driver/Src/stm32f3xx_hal_uart.o
 .debug_frame   0x00000000000037bc       0x2c /opt/st/stm32cubeide_1.8.0/plugins/com.st.stm32cube.ide.mcu.externaltools.gnu-tools-for-stm32.9-2020-q2-update.linux64_2.0.0.202105311346/tools/bin/../lib/gcc/arm-none-eabi/9.3.1/../../../../arm-none-eabi/lib/thumb/v7e-m+fp/hard/libc_nano.a(lib_a-init.o)
 .debug_frame   0x00000000000037e8       0x20 /opt/st/stm32cubeide_1.8.0/plugins/com.st.stm32cube.ide.mcu.externaltools.gnu-tools-for-stm32.9-2020-q2-update.linux64_2.0.0.202105311346/tools/bin/../lib/gcc/arm-none-eabi/9.3.1/../../../../arm-none-eabi/lib/thumb/v7e-m+fp/hard/libc_nano.a(lib_a-memset.o)
